Microchip MPLAB XC8 Compiler V2.46

Linker command line:

-W-3 \
  --edf=C:/Users/hiroy/.mchp_packs/Microchip/PIC18F-Q_DFP/1.25.433/xc8\pic\dat\20240223164052_en.msgs \
  -cn -h+dist/default/production\SBC8080-CPM.X.production.sym \
  --cmf=dist/default/production\SBC8080-CPM.X.production.cmf -z -Q18F57Q43 \
  -oC:\Users\hiroy\AppData\Local\Temp\xcBsdl4.1\driver_tmp_3.o \
  --defsym=__MPLAB_BUILD=1 --fixupoverflow=error \
  -Mdist/default/production/SBC8080-CPM.X.production.map \
  --md=C:\Users\hiroy\AppData\Local\Temp\xcBsdl4.1\driver_tmp_0.dat -E1 \
  -ver=XC8 Compiler --acfsm=1493 -ACODE=00h-01FFFFh -ACONST=00h-01FFFFh \
  -ASMALLCONST=02500h-025FFhx475 \
  -AMEDIUMCONST=02500h-0FFFFh,012500h-01FFFFh -ACOMRAM=0501h-055Fh \
  -AABS1=0500h-024FFh -ABIGRAM=0501h-024FFh \
  -ARAM=0560h-05FFh,0600h-06FFhx31 -ABANK5=0560h-05FFh -ABANK6=0600h-06FFh \
  -ABANK7=0700h-07FFh -ABANK8=0800h-08FFh -ABANK9=0900h-09FFh \
  -ABANK10=0A00h-0AFFh -ABANK11=0B00h-0BFFh -ABANK12=0C00h-0CFFh \
  -ABANK13=0D00h-0DFFh -ABANK14=0E00h-0EFFh -ABANK15=0F00h-0FFFh \
  -ABANK16=01000h-010FFh -ABANK17=01100h-011FFh -ABANK18=01200h-012FFh \
  -ABANK19=01300h-013FFh -ABANK20=01400h-014FFh -ABANK21=01500h-015FFh \
  -ABANK22=01600h-016FFh -ABANK23=01700h-017FFh -ABANK24=01800h-018FFh \
  -ABANK25=01900h-019FFh -ABANK26=01A00h-01AFFh -ABANK27=01B00h-01BFFh \
  -ABANK28=01C00h-01CFFh -ABANK29=01D00h-01DFFh -ABANK30=01E00h-01EFFh \
  -ABANK31=01F00h-01FFFh -ABANK32=02000h-020FFh -ABANK33=02100h-021FFh \
  -ABANK34=02200h-022FFh -ABANK35=02300h-023FFh -ABANK36=02400h-024FFh \
  -ASFR=00h-0FFhx4,0400h-045Fh,0460h-04FFh,02500h-025FFh \
  -ABIGSFR=00h-04FFh,02500h-025FFh -ACONFIG=0300000h-0300011h \
  -AIDLOC=0200000h-020003Fh -AEEDATA=0380000h-03803FFh -peeprom_data=EEDATA \
  -preset_vec=00h -ppowerup=CODE,init -pramtop=02500h \
  -psmallconst=SMALLCONST -pmediumconst=MEDIUMCONST -pconst=CONST \
  -AFARRAM=00h-00h \
  -prdata=COMRAM,nvrram=COMRAM,nvbit=COMRAM,rbss=COMRAM,rbit=COMRAM \
  -pfarbss=FARRAM,fardata=FARRAM,nvFARRAM=FARRAM \
  -pintsave_regs=BIGRAM,bigbss=BIGRAM,bigdata=BIGRAM -pbss=RAM \
  -pidata=CODE,irdata=CODE,ibigdata=CODE,ifardata=CODE -prparam=COMRAM \
  C:\Users\hiroy\AppData\Local\Temp\xcBsdl4.1\driver_tmp_14.o \
  dist/default/production\SBC8080-CPM.X.production.o 

Object code version is 3.11

Machine type is 18F57Q43



                Name                               Link     Load   Length Selector   Space Scale
C:\Users\hiroy\AppData\Local\Temp\xcBsdl4.1\driver_tmp_14.o
                config                           300000   300000        A        0       4
                init                              1FFFC    1FFFC        4     FFFE       0
                reset_vec                             0        0        4        0       0
dist/default/production\SBC8080-CPM.X.production.o
                config                           300000   300000        A        0       4
                mediumconst                        D970     D970     2690     6CB8       0
                text120                           1973C    1973C       66     8000       0
                text119                           19A46    19A46       4A     8000       0
                text118                           19CDA    19CDA       38     8000       0
                text117                           19910    19910       52     8000       0
                text116                           19FC4    19FC4       10     8000       0
                text115                           19F5A    19F5A       22     8000       0
                text114                           19E2C    19E2C       2A     8000       0
                text113                           19804    19804       62     8000       0
                text112                           19F38    19F38       22     8000       0
                text111                           157C4    157C4      22E     8000       0
                text110                           19F16    19F16       22     8000       0
                text109                           19D76    19D76       32     8000       0
                text108                           18DDE    18DDE       AA     8000       0
                text107                           195F2    195F2       70     8000       0
                text106                           19D44    19D44       32     8000       0
                text105                           19FEC    19FEC        C     8000       0
                text104                           18F2C    18F2C       A0     8000       0
                text103                           19104    19104       94     8000       0
                text102                           18530    18530       CC     8000       0
                text101                           18D32    18D32       AC     8000       0
                text100                           19E7E    19E7E       28     8000       0
                text99                            19CA2    19CA2       38     8000       0
                text98                            193A8    193A8       78     8000       0
                text97                            17150    17150      16C     8000       0
                text96                            152C6    152C6      288     8000       0
                text95                            19198    19198       8A     8000       0
                text94                            182C6    182C6       D0     8000       0
                text93                            1442E    1442E      32C     8000       0
                text92                            19DA8    19DA8       2E     8000       0
                text91                            1475A    1475A      30C     8000       0
                text90                            19AD8    19AD8       46     8000       0
                text89                            18902    18902       BA     8000       0
                text88                            18464    18464       CC     8000       0
                text87                            1697A    1697A      1A8     8000       0
                text86                            199FC    199FC       4A     8000       0
                text85                            19B62    19B62       44     8000       0
                text84                            19D12    19D12       32     8000       0
                text83                            10000    10000      8E0     8000       0
                text82                            19ECC    19ECC       26     8000       0
                text81                            18A74    18A74       B8     8000       0
                text80                            17404    17404      142     8000       0
                text79                            17D92    17D92      11E     8000       0
                text78                            12B4E    12B4E      5DE     8000       0
                text77                            19A90    19A90       48     8000       0
                text76                            19EA6    19EA6       26     8000       0
                text75                            181D2    181D2       F4     8000       0
                text74                            16040    16040      1F8     8000       0
                text73                            19582    19582       70     8000       0
                text72                            17546    17546      140     8000       0
                text71                            19F7C    19F7C       20     8000       0
                text70                            198BC    198BC       54     8000       0
                text69                            1950C    1950C       76     8000       0
                text68                            19326    19326       82     8000       0
                text67                            19866    19866       56     8000       0
                text66                            18786    18786       C0     8000       0
                text65                            189BC    189BC       B8     8000       0
                text64                            19C6A    19C6A       38     8000       0
                text63                            18B2C    18B2C       AE     8000       0
                text62                            17C6E    17C6E      124     8000       0
                text61                            15E34    15E34      20C     8000       0
                text60                            192A4    192A4       82     8000       0
                text59                            1554E    1554E      276     8000       0
                text58                            19222    19222       82     8000       0
                text57                            16FDE    16FDE      172     8000       0
                text56                            18846    18846       BC     8000       0
                text55                            140D0    140D0      35E     8000       0
                text54                            196D0    196D0       6C     8000       0
                text53                            19E56    19E56       28     8000       0
                text52                            135B0    135B0      400     8000       0
                text51                            1312C    1312C      484     8000       0
                text50                            19EF2    19EF2       24     8000       0
                text49                            186C4    186C4       C2     8000       0
                text48                            118AE    118AE      69A     8000       0
                text47                            12566    12566      5E8     8000       0
                text46                            19FB2    19FB2       12     8000       0
                text45                            19BE8    19BE8       42     8000       0
                text44                            19962    19962       4E     8000       0
                text43                            19DD6    19DD6       2C     8000       0
                text42                            16420    16420      1E8     8000       0
                text41                            16238    16238      1E8     8000       0
                text40                            111B6    111B6      6F8     8000       0
                text39                            14D4A    14D4A      2C8     8000       0
                text38                            19F9C    19F9C       16     8000       0
                text37                            19FE0    19FE0        C     8000       0
                text36                            17FC4    17FC4      110     8000       0
                text35                            18E88    18E88       A4     8000       0
                text34                            17EB0    17EB0      114     8000       0
                text33                            17A1E    17A1E      12C     8000       0
                text32                            18C86    18C86       AC     8000       0
                text31                            15C1A    15C1A      21A     8000       0
                text30                            16E54    16E54      18A     8000       0
                text29                            172BC    172BC      148     8000       0
                text28                            108E0    108E0      8D6     8000       0
                text27                            18396    18396       CE     8000       0
                text26                            16CC8    16CC8      18C     8000       0
                text25                            19E02    19E02       2A     8000       0
                text24                            177BA    177BA      134     8000       0
                text23                            13D6A    13D6A      366     8000       0
                text22                            14A66    14A66      2E4     8000       0
                text21                            180D4    180D4       FE     8000       0
                text20                            185FC    185FC       C8     8000       0
                text19                            19662    19662       6E     8000       0
                text18                            1906A    1906A       9A     8000       0
                text17                            19B1E    19B1E       44     8000       0
                text16                            15012    15012      2B4     8000       0
                text15                            17686    17686      134     8000       0
                text14                            19496    19496       76     8000       0
                text13                            16B22    16B22      1A6     8000       0
                text12                            167C4    167C4      1B6     8000       0
                text11                            11F48    11F48      61E     8000       0
                text10                            17B4A    17B4A      124     8000       0
                text9                             178EE    178EE      130     8000       0
                text8                             16608    16608      1BC     8000       0
                text7                             18BDA    18BDA       AC     8000       0
                text6                             19FD4    19FD4        C     8000       0
                text5                             199B0    199B0       4C     8000       0
                text4                             197A2    197A2       62     8000       0
                text3                             18FCC    18FCC       9E     8000       0
                text2                             139B0    139B0      3BA     8000       0
                text1                             19BA6    19BA6       42     8000       0
                text0                             159F2    159F2      228     8000       0
                cstackCOMRAM                        501      501       5F      501       1
                cstackBANK5                         560      560       A0      560       1
                cstackBANK6                         600      600       FF      600       1
                cstackBANK7                         7BE      7BE       16      700       1
                bssBIGRAM                           8C0      8C0     10FC      8C0       1
                dataBANK8                           880      880       40      800       1
                bssBANK8                            800      800       80      800       1
                dataBANK7                           7D4      7D4        7      700       1
                bssBANK7                            700      700       BE      700       1
                bssBANK6                            6FF      6FF        1      600       1
                cinit                             19420    19420       76     8000       0
                idataBANK8                        19C2A    19C2A       40     8000       0
                idataBANK7                        19FF8    19FF8        7     8000       0

TOTAL           Name                               Link     Load   Length     Space
        CLASS   CODE           
                init                              1FFFC    1FFFC        4         0
                reset_vec                             0        0        4         0
                text120                           1973C    1973C       66         0
                text119                           19A46    19A46       4A         0
                text118                           19CDA    19CDA       38         0
                text117                           19910    19910       52         0
                text116                           19FC4    19FC4       10         0
                text115                           19F5A    19F5A       22         0
                text114                           19E2C    19E2C       2A         0
                text113                           19804    19804       62         0
                text112                           19F38    19F38       22         0
                text111                           157C4    157C4      22E         0
                text110                           19F16    19F16       22         0
                text109                           19D76    19D76       32         0
                text108                           18DDE    18DDE       AA         0
                text107                           195F2    195F2       70         0
                text106                           19D44    19D44       32         0
                text105                           19FEC    19FEC        C         0
                text104                           18F2C    18F2C       A0         0
                text103                           19104    19104       94         0
                text102                           18530    18530       CC         0
                text101                           18D32    18D32       AC         0
                text100                           19E7E    19E7E       28         0
                text99                            19CA2    19CA2       38         0
                text98                            193A8    193A8       78         0
                text97                            17150    17150      16C         0
                text96                            152C6    152C6      288         0
                text95                            19198    19198       8A         0
                text94                            182C6    182C6       D0         0
                text93                            1442E    1442E      32C         0
                text92                            19DA8    19DA8       2E         0
                text91                            1475A    1475A      30C         0
                text90                            19AD8    19AD8       46         0
                text89                            18902    18902       BA         0
                text88                            18464    18464       CC         0
                text87                            1697A    1697A      1A8         0
                text86                            199FC    199FC       4A         0
                text85                            19B62    19B62       44         0
                text84                            19D12    19D12       32         0
                text83                            10000    10000      8E0         0
                text82                            19ECC    19ECC       26         0
                text81                            18A74    18A74       B8         0
                text80                            17404    17404      142         0
                text79                            17D92    17D92      11E         0
                text78                            12B4E    12B4E      5DE         0
                text77                            19A90    19A90       48         0
                text76                            19EA6    19EA6       26         0
                text75                            181D2    181D2       F4         0
                text74                            16040    16040      1F8         0
                text73                            19582    19582       70         0
                text72                            17546    17546      140         0
                text71                            19F7C    19F7C       20         0
                text70                            198BC    198BC       54         0
                text69                            1950C    1950C       76         0
                text68                            19326    19326       82         0
                text67                            19866    19866       56         0
                text66                            18786    18786       C0         0
                text65                            189BC    189BC       B8         0
                text64                            19C6A    19C6A       38         0
                text63                            18B2C    18B2C       AE         0
                text62                            17C6E    17C6E      124         0
                text61                            15E34    15E34      20C         0
                text60                            192A4    192A4       82         0
                text59                            1554E    1554E      276         0
                text58                            19222    19222       82         0
                text57                            16FDE    16FDE      172         0
                text56                            18846    18846       BC         0
                text55                            140D0    140D0      35E         0
                text54                            196D0    196D0       6C         0
                text53                            19E56    19E56       28         0
                text52                            135B0    135B0      400         0
                text51                            1312C    1312C      484         0
                text50                            19EF2    19EF2       24         0
                text49                            186C4    186C4       C2         0
                text48                            118AE    118AE      69A         0
                text47                            12566    12566      5E8         0
                text46                            19FB2    19FB2       12         0
                text45                            19BE8    19BE8       42         0
                text44                            19962    19962       4E         0
                text43                            19DD6    19DD6       2C         0
                text42                            16420    16420      1E8         0
                text41                            16238    16238      1E8         0
                text40                            111B6    111B6      6F8         0
                text39                            14D4A    14D4A      2C8         0
                text38                            19F9C    19F9C       16         0
                text37                            19FE0    19FE0        C         0
                text36                            17FC4    17FC4      110         0
                text35                            18E88    18E88       A4         0
                text34                            17EB0    17EB0      114         0
                text33                            17A1E    17A1E      12C         0
                text32                            18C86    18C86       AC         0
                text31                            15C1A    15C1A      21A         0
                text30                            16E54    16E54      18A         0
                text29                            172BC    172BC      148         0
                text28                            108E0    108E0      8D6         0
                text27                            18396    18396       CE         0
                text26                            16CC8    16CC8      18C         0
                text25                            19E02    19E02       2A         0
                text24                            177BA    177BA      134         0
                text23                            13D6A    13D6A      366         0
                text22                            14A66    14A66      2E4         0
                text21                            180D4    180D4       FE         0
                text20                            185FC    185FC       C8         0
                text19                            19662    19662       6E         0
                text18                            1906A    1906A       9A         0
                text17                            19B1E    19B1E       44         0
                text16                            15012    15012      2B4         0
                text15                            17686    17686      134         0
                text14                            19496    19496       76         0
                text13                            16B22    16B22      1A6         0
                text12                            167C4    167C4      1B6         0
                text11                            11F48    11F48      61E         0
                text10                            17B4A    17B4A      124         0
                text9                             178EE    178EE      130         0
                text8                             16608    16608      1BC         0
                text7                             18BDA    18BDA       AC         0
                text6                             19FD4    19FD4        C         0
                text5                             199B0    199B0       4C         0
                text4                             197A2    197A2       62         0
                text3                             18FCC    18FCC       9E         0
                text2                             139B0    139B0      3BA         0
                text1                             19BA6    19BA6       42         0
                text0                             159F2    159F2      228         0
                cinit                             19420    19420       76         0
                idataBANK8                        19C2A    19C2A       40         0
                idataBANK7                        19FF8    19FF8        7         0

        CLASS   CONST          

        CLASS   SMALLCONST     

        CLASS   MEDIUMCONST    
                mediumconst                        D970     D970     2690         0

        CLASS   COMRAM         
                cstackCOMRAM                        501      501       5F         1

        CLASS   ABS1           

        CLASS   BIGRAM         
                bssBIGRAM                           8C0      8C0     10FC         1

        CLASS   RAM            

        CLASS   BANK5          
                cstackBANK5                         560      560       A0         1

        CLASS   BANK6          
                cstackBANK6                         600      600       FF         1
                bssBANK6                            6FF      6FF        1         1

        CLASS   BANK7          
                cstackBANK7                         7BE      7BE       16         1
                dataBANK7                           7D4      7D4        7         1
                bssBANK7                            700      700       BE         1

        CLASS   BANK8          
                dataBANK8                           880      880       40         1
                bssBANK8                            800      800       80         1

        CLASS   BANK9          

        CLASS   BANK10         

        CLASS   BANK11         

        CLASS   BANK12         

        CLASS   BANK13         

        CLASS   BANK14         

        CLASS   BANK15         

        CLASS   BANK16         

        CLASS   BANK17         

        CLASS   BANK18         

        CLASS   BANK19         

        CLASS   BANK20         

        CLASS   BANK21         

        CLASS   BANK22         

        CLASS   BANK23         

        CLASS   BANK24         

        CLASS   BANK25         

        CLASS   BANK26         

        CLASS   BANK27         

        CLASS   BANK28         

        CLASS   BANK29         

        CLASS   BANK30         

        CLASS   BANK31         

        CLASS   BANK32         

        CLASS   BANK33         

        CLASS   BANK34         

        CLASS   BANK35         

        CLASS   BANK36         

        CLASS   SFR            

        CLASS   BIGSFR         

        CLASS   CONFIG         
                config                           300000   300000        A         4

        CLASS   IDLOC          

        CLASS   EEDATA         

        CLASS   FARRAM         

        CLASS   HEAP           

        CLASS   STACK          



SEGMENTS        Name                           Load    Length   Top    Selector   Space  Class

                reset_vec                      000000  000004  000004         0       0  CODE    
                cstackCOMRAM                   000501  00005F  000560       501       1  COMRAM  
                cstackBANK5                    000560  0000A0  000600       560       1  BANK5   
                cstackBANK6                    000600  000100  000700       600       1  BANK6   
                bssBANK7                       000700  0000DB  0007DB       700       1  BANK7   
                bssBANK8                       000800  0000C0  0008C0       800       1  BANK8   
                bssBIGRAM                      0008C0  0010FC  0019BC       8C0       1  BIGRAM  
                mediumconst                    00D970  002690  010000      6CB8       0  MEDIUMCO
                text83                         010000  009FFF  019FFF      8000       0  CODE    
                init                           01FFFC  000004  020000      FFFE       0  CODE    


UNUSED ADDRESS RANGES

        Name                Unused          Largest block    Delta
        BANK25           0019BC-0019FF               44
        BANK26           001A00-001AFF              100
        BANK27           001B00-001BFF              100
        BANK28           001C00-001CFF              100
        BANK29           001D00-001DFF              100
        BANK30           001E00-001EFF              100
        BANK31           001F00-001FFF              100
        BANK32           002000-0020FF              100
        BANK33           002100-0021FF              100
        BANK34           002200-0022FF              100
        BANK35           002300-0023FF              100
        BANK36           002400-0024FF              100
        BANK7            0007DB-0007FF               25
        BIGRAM           0007DB-0007FF               25
                         0019BC-0024FF              B44
        BIGSFR           000000-0004FF              500
                         002500-0025FF              100
        CODE             000004-00D96F             D96C
                         019FFF-01FFFB             5FFD
        CONFIG           30000A-300011                8
        CONST            000004-00D96F             D96C
                         019FFF-01FFFB             5FFD
        EEDATA           380000-3803FF              400
        IDLOC            200000-20003F               40
        MEDIUMCONST      002500-00D96F             B470
                         019FFF-01FFFB             5FFD
        RAM              0007DB-0007FF               25
                         0019BC-0024FF              100
        SFR              000000-0004FF              100
                         002500-0025FF              100
        SMALLCONST       002500-00D96F              100
                         019FFF-01FFFB              100

                                  Symbol Table

?_SDCard_init                        cstackBANK5  0005AE
?_SDCard_read512                     cstackBANK5  0005C7
?_SDCard_write512                    cstackBANK5  0005C7
?___SDCard_command_r1                cstackCOMRAM 000518
?___SDCard_crc16                     cstackCOMRAM 000501
?___aldiv                            cstackCOMRAM 000501
?___almod                            cstackCOMRAM 000501
?___fladd                            cstackCOMRAM 000501
?___fldiv                            cstackCOMRAM 00051B
?___flmul                            cstackCOMRAM 000501
?___flneg                            cstackCOMRAM 000501
?___flsub                            cstackCOMRAM 00051A
?___fltol                            cstackCOMRAM 000501
?___fpclassifyf                      cstackCOMRAM 000501
?___lldiv                            cstackCOMRAM 000501
?___lmul                             cstackCOMRAM 000501
?___wmul                             cstackCOMRAM 000501
?___xxtofl                           cstackCOMRAM 00050D
?_abs                                cstackCOMRAM 00050B
?_check_fs                           cstackBANK6  00060A
?_clst2sect                          cstackCOMRAM 00050D
?_create_chain                       cstackBANK6  00062B
?_dbc_1st                            cstackCOMRAM 000501
?_dbc_2nd                            cstackCOMRAM 000501
?_find_volume                        cstackBANK6  000618
?_floorf                             cstackCOMRAM 000534
?_get_fat                            cstackBANK6  00060A
?_get_fattime                        cstackCOMRAM 000501
?_get_ldnumber                       cstackCOMRAM 000501
?_getch                              cstackCOMRAM 000501
?_labs                               cstackCOMRAM 000501
?_ld_clust                           cstackCOMRAM 000508
?_ld_dword                           cstackCOMRAM 000501
?_ld_word                            cstackCOMRAM 000501
?_memcmp                             cstackCOMRAM 000501
?_menu_select                        cstackBANK7  0007BE
?_printf                             cstackBANK5  00059A
?_read_prec_or_width                 cstackCOMRAM 000507
?_sprintf                            cstackBANK5  00059A
?_strchr                             cstackCOMRAM 000501
?_strcmp                             cstackCOMRAM 000501
?_strncmp                            cstackCOMRAM 000501
?_vfprintf                           cstackBANK5  000594
SDCard_command@argument              cstackCOMRAM 000528
SDCard_command@command               cstackCOMRAM 000532
SDCard_command@length                cstackCOMRAM 00052E
SDCard_command@response_buffer       cstackCOMRAM 00052C
SDCard_command@responsep             cstackCOMRAM 000535
SDCard_command@result                cstackCOMRAM 000533
SDCard_command@spi                   cstackCOMRAM 000530
SDCard_crc@buf                       cstackCOMRAM 000501
SDCard_crc@count                     cstackCOMRAM 000503
SDCard_crc@crc                       cstackCOMRAM 000509
SDCard_crc@endp                      cstackCOMRAM 000505
SDCard_crc@i                         cstackCOMRAM 000507
SDCard_crc@p                         cstackCOMRAM 00050A
SDCard_end_transaction@spi           cstackCOMRAM 000512
SDCard_init@buf                      cstackBANK5  0005B8
SDCard_init@clock_speed              cstackBANK5  0005B0
SDCard_init@i                        cstackBANK5  0005B4
SDCard_init@initial_clock_speed      cstackBANK5  0005AE
SDCard_init@spi                      cstackBANK5  0005B6
SDCard_init@timeout                  cstackBANK5  0005B2
SDCard_read512@addr                  cstackBANK5  0005C7
SDCard_read512@buf                   cstackBANK5  0005CD
SDCard_read512@count                 cstackBANK5  0005CF
SDCard_read512@crc                   cstackBANK5  0005E1
SDCard_read512@i                     cstackBANK5  0005D5
SDCard_read512@i_2487                cstackBANK5  0005D7
SDCard_read512@offs                  cstackBANK5  0005CB
SDCard_read512@resp_crc              cstackBANK5  0005DB
SDCard_read512@response              cstackBANK5  0005E3
SDCard_read512@result                cstackBANK5  0005DD
SDCard_read512@retry                 cstackBANK5  0005D9
SDCard_read512@spi                   cstackBANK5  0005DF
SDCard_write512@addr                 cstackBANK5  0005C7
SDCard_write512@buf                  cstackBANK5  0005CD
SDCard_write512@count                cstackBANK5  0005CF
SDCard_write512@crc                  cstackBANK5  0005DF
SDCard_write512@i                    cstackBANK5  0005D5
SDCard_write512@i_2504               cstackBANK5  0005D7
SDCard_write512@offs                 cstackBANK5  0005CB
SDCard_write512@response             cstackBANK5  0005E1
SDCard_write512@result               cstackBANK5  0005DB
SDCard_write512@retry                cstackBANK5  0005D9
SDCard_write512@spi                  cstackBANK5  0005DD
SD_init@retry                        bssBANK7     00071B
SPI_SD_begin@ctx                     cstackCOMRAM 000503
SPI_SD_begin@ctx_                    cstackCOMRAM 000501
SPI_SD_begin_transaction@ctx_        cstackCOMRAM 000505
SPI_SD_configure@bit_order           cstackBANK5  0005AA
SPI_SD_configure@clock_speed         cstackBANK5  0005A8
SPI_SD_configure@ctx_                cstackBANK5  0005A6
SPI_SD_configure@data_mode           cstackBANK5  0005AB
SPI_SD_dummy_clocks@clocks           cstackCOMRAM 00050D
SPI_SD_dummy_clocks@ctx_             cstackCOMRAM 00050B
SPI_SD_dummy_clocks@dummy            cstackCOMRAM 000511
SPI_SD_dummy_clocks@i                cstackCOMRAM 00050F
SPI_SD_end_transaction@ctx_          cstackCOMRAM 000505
SPI_SD_receive@buf                   cstackCOMRAM 000503
SPI_SD_receive@count                 cstackCOMRAM 000505
SPI_SD_receive@ctx_                  cstackCOMRAM 000501
SPI_SD_receive@i                     cstackCOMRAM 000509
SPI_SD_receive@i_2404                cstackCOMRAM 00050C
SPI_SD_receive@p                     cstackCOMRAM 00050D
SPI_SD_receive@repeat                cstackCOMRAM 00050B
SPI_SD_receive_byte@ctx_             cstackCOMRAM 00050F
SPI_SD_receive_byte@dummy            cstackCOMRAM 000511
SPI_SD_select@ctx_                   cstackCOMRAM 000501
SPI_SD_select@select                 cstackCOMRAM 000503
SPI_SD_send@buf                      cstackCOMRAM 000503
SPI_SD_send@count                    cstackCOMRAM 000505
SPI_SD_send@ctx_                     cstackCOMRAM 000501
SPI_SD_send@i                        cstackCOMRAM 000507
SPI_SD_send@p                        cstackCOMRAM 000509
_ANSELA                              (abs)        000400
_ANSELB                              (abs)        000408
_ANSELC                              (abs)        000410
_ANSELD                              (abs)        000418
_ANSELE0                             (abs)        002100
_ANSELE1                             (abs)        002101
_ANSELE2                             (abs)        002102
_ANSELF                              (abs)        000428
_BSR                                 (abs)        0004E0
_CLC1IE                              (abs)        0024F5
_CLC1IF                              (abs)        002575
_CLCDATA                             (abs)        0000D4
_CLCIN0PPS                           (abs)        000261
_CLCIN1PPS                           (abs)        000262
_CLCIN2PPS                           (abs)        000263
_CLCIN3PPS                           (abs)        000264
_CLCIN4PPS                           (abs)        000265
_CLCIN5PPS                           (abs)        000266
_CLCIN6PPS                           (abs)        000267
_CLCIN7PPS                           (abs)        000268
_CLCSELECT                           (abs)        0000D5
_CLCnCON                             (abs)        0000D6
_CLCnGLS0                            (abs)        0000DC
_CLCnGLS1                            (abs)        0000DD
_CLCnGLS2                            (abs)        0000DE
_CLCnGLS3                            (abs)        0000DF
_CLCnPOL                             (abs)        0000D7
_CLCnSEL0                            (abs)        0000D8
_CLCnSEL1                            (abs)        0000D9
_CLCnSEL2                            (abs)        0000DA
_CLCnSEL3                            (abs)        0000DB
_DbcTbl                              mediumconst  00D971
_FatFs                               bssBANK7     000723
_Fsid                                bssBANK7     000721
_G3POL                               (abs)        0006BA
_GIE                                 (abs)        0026B7
_IVTBASE                             (abs)        00045D
_IVTLOCK                             (abs)        000459
_IVTLOCKbits                         (abs)        000459
_LATA5                               (abs)        0025F5
_LATA6                               (abs)        0025F6
_LATB                                (abs)        0004BF
_LATC4                               (abs)        002604
_LATC5                               (abs)        002605
_LATC7                               (abs)        002607
_LATD                                (abs)        0004C1
_LATE0                               (abs)        002610
_LATE1                               (abs)        002611
_LATE2                               (abs)        002612
_LATF                                (abs)        0004C3
_NCO1EN                              (abs)        002237
_NCO1INC                             (abs)        000443
_NCO1OUT                             (abs)        002235
_ODCE1                               (abs)        002111
_OSCFRQ                              (abs)        0000B1
_PORTB                               (abs)        0004CF
_PORTF                               (abs)        0004D3
_RA0                                 (abs)        002670
_RA3PPS                              (abs)        000204
_RA4PPS                              (abs)        000205
_RA6PPS                              (abs)        000207
_RC0PPS                              (abs)        000211
_RC1PPS                              (abs)        000212
_RC6                                 (abs)        002686
_SDCard_command                      text107      0195F2
_SDCard_crc                          text113      019804
_SDCard_end_transaction              text114      019E2C
_SDCard_init                         text74       016040
_SDCard_read512                      text61       015E34
_SDCard_write512                     text59       01554E
_SD_init                             text73       019582
_SLRCONCbits                         (abs)        000413
_SPI1BAUD                            (abs)        000089
_SPI1CLK                             (abs)        00008C
_SPI1CON0                            (abs)        000084
_SPI1CON0bits                        (abs)        000084
_SPI1CON1                            (abs)        000085
_SPI1CON1bits                        (abs)        000085
_SPI1CON2bits                        (abs)        000086
_SPI1INTE                            (abs)        00008B
_SPI1RXB                             (abs)        000080
_SPI1RXIF                            (abs)        002588
_SPI1SCKPPS                          (abs)        00026A
_SPI1SDIPPS                          (abs)        00026B
_SPI1TCNTH                           (abs)        000083
_SPI1TCNTL                           (abs)        000082
_SPI1TWIDTH                          (abs)        000088
_SPI1TXB                             (abs)        000081
_SPI_SD_begin                        text106      019D44
_SPI_SD_begin_transaction            text112      019F38
_SPI_SD_configure                    text75       0181D2
_SPI_SD_ctx                          dataBANK7    0007D8
_SPI_SD_dummy_clocks                 text117      019910
_SPI_SD_end_transaction              text115      019F5A
_SPI_SD_receive                      text111      0157C4
_SPI_SD_receive_byte                 text110      019F16
_SPI_SD_select                       text116      019FC4
_SPI_SD_send                         text120      01973C
_TRISA0                              (abs)        002630
_TRISA1                              (abs)        002631
_TRISA3                              (abs)        002633
_TRISA4                              (abs)        002634
_TRISA5                              (abs)        002635
_TRISA6                              (abs)        002636
_TRISA7                              (abs)        002637
_TRISB                               (abs)        0004C7
_TRISC0                              (abs)        002640
_TRISC1                              (abs)        002641
_TRISC2                              (abs)        002642
_TRISC3                              (abs)        002643
_TRISC4                              (abs)        002644
_TRISC5                              (abs)        002645
_TRISC6                              (abs)        002646
_TRISC7                              (abs)        002647
_TRISD                               (abs)        0004C9
_TRISE0                              (abs)        002650
_TRISE1                              (abs)        002651
_TRISE2                              (abs)        002652
_TRISF                               (abs)        0004CB
_U3BRG                               (abs)        0002D4
_U3ON                                (abs)        001697
_U3RXB                               (abs)        0002C7
_U3RXEN                              (abs)        00168C
_U3RXIF                              (abs)        0025B8
_U3RXPPS                             (abs)        000276
_U3TXB                               (abs)        0002C9
_U3TXEN                              (abs)        00168D
_U3TXIF                              (abs)        0025B9
_WPUA0                               (abs)        002008
_WPUA1                               (abs)        002009
_WPUA3                               (abs)        00200B
_WPUA5                               (abs)        00200D
_WPUA7                               (abs)        00200F
_WPUB                                (abs)        000409
_WPUC3                               (abs)        00208B
_WPUC5                               (abs)        00208D
_WPUC6                               (abs)        00208E
_WPUD                                (abs)        000419
_WPUF                                (abs)        000429
__HRAM                               (abs)        000000
__H__absolute__                      __absolute__ 000000
__Habs1                              abs1         000000
__Hbank10                            bank10       000000
__Hbank11                            bank11       000000
__Hbank12                            bank12       000000
__Hbank13                            bank13       000000
__Hbank14                            bank14       000000
__Hbank15                            bank15       000000
__Hbank16                            bank16       000000
__Hbank17                            bank17       000000
__Hbank18                            bank18       000000
__Hbank19                            bank19       000000
__Hbank20                            bank20       000000
__Hbank21                            bank21       000000
__Hbank22                            bank22       000000
__Hbank23                            bank23       000000
__Hbank24                            bank24       000000
__Hbank25                            bank25       000000
__Hbank26                            bank26       000000
__Hbank27                            bank27       000000
__Hbank28                            bank28       000000
__Hbank29                            bank29       000000
__Hbank30                            bank30       000000
__Hbank31                            bank31       000000
__Hbank32                            bank32       000000
__Hbank33                            bank33       000000
__Hbank34                            bank34       000000
__Hbank35                            bank35       000000
__Hbank36                            bank36       000000
__Hbank5                             bank5        000000
__Hbank6                             bank6        000000
__Hbank7                             bank7        000000
__Hbank8                             bank8        000000
__Hbank9                             bank9        000000
__Hbigbss                            bigbss       000000
__Hbigdata                           bigdata      000000
__Hbigram                            bigram       000000
__Hbigsfr                            bigsfr       000000
__Hbss                               bss          000000
__HbssBANK6                          bssBANK6     000000
__HbssBANK7                          bssBANK7     000000
__HbssBANK8                          bssBANK8     000000
__HbssBIGRAM                         bssBIGRAM    000000
__Hcinit                             cinit        000000
__Hclrtext                           clrtext      000000
__Hcomram                            comram       000000
__Hconfig                            config       30000A
__Hconst                             const        000000
__HcstackBANK5                       cstackBANK5  000000
__HcstackBANK6                       cstackBANK6  000000
__HcstackBANK7                       cstackBANK7  000000
__HcstackCOMRAM                      cstackCOMRAM 000000
__Hdata                              data         000000
__HdataBANK7                         dataBANK7    000000
__HdataBANK8                         dataBANK8    000000
__Heeprom_data                       eeprom_data  000000
__Hfarbss                            farbss       000000
__Hfardata                           fardata      000000
__Hheap                              heap         000000
__Hibigdata                          ibigdata     000000
__Hidata                             idata        000000
__HidataBANK7                        idataBANK7   000000
__HidataBANK8                        idataBANK8   000000
__Hidloc                             idloc        000000
__Hifardata                          ifardata     000000
__Hinit                              init         020000
__Hintsave_regs                      intsave_regs 000000
__Hirdata                            irdata       000000
__Hmediumconst                       mediumconst  010000
__HnvFARRAM                          nvFARRAM     000000
__Hnvbit                             nvbit        000000
__Hnvrram                            nvrram       000000
__Hparam                             rparam       000000
__Hpowerup                           powerup      000000
__Hram                               ram          000000
__Hramtop                            ramtop       002500
__Hrbit                              rbit         000000
__Hrbss                              rbss         000000
__Hrdata                             rdata        000000
__Hreset_vec                         reset_vec    000004
__Hrparam                            rparam       000000
__Hsfr                               sfr          000000
__Hsmallconst                        smallconst   000000
__Hspace_0                           (abs)        020000
__Hspace_1                           (abs)        0019BC
__Hspace_2                           (abs)        000000
__Hspace_4                           (abs)        60000A
__Hstack                             stack        000000
__Hstruct                            struct       000000
__Htemp                              temp         000000
__Htext                              text         000000
__Htext0                             text0        000000
__Htext1                             text1        000000
__Htext10                            text10       000000
__Htext100                           text100      000000
__Htext101                           text101      000000
__Htext102                           text102      000000
__Htext103                           text103      000000
__Htext104                           text104      000000
__Htext105                           text105      000000
__Htext106                           text106      000000
__Htext107                           text107      000000
__Htext108                           text108      000000
__Htext109                           text109      000000
__Htext11                            text11       000000
__Htext110                           text110      000000
__Htext111                           text111      000000
__Htext112                           text112      000000
__Htext113                           text113      000000
__Htext114                           text114      000000
__Htext115                           text115      000000
__Htext116                           text116      000000
__Htext117                           text117      000000
__Htext118                           text118      000000
__Htext119                           text119      000000
__Htext12                            text12       000000
__Htext120                           text120      000000
__Htext13                            text13       000000
__Htext14                            text14       000000
__Htext15                            text15       000000
__Htext16                            text16       000000
__Htext17                            text17       000000
__Htext18                            text18       000000
__Htext19                            text19       000000
__Htext2                             text2        000000
__Htext20                            text20       000000
__Htext21                            text21       000000
__Htext22                            text22       000000
__Htext23                            text23       000000
__Htext24                            text24       000000
__Htext25                            text25       000000
__Htext26                            text26       000000
__Htext27                            text27       000000
__Htext28                            text28       000000
__Htext29                            text29       000000
__Htext3                             text3        000000
__Htext30                            text30       000000
__Htext31                            text31       000000
__Htext32                            text32       000000
__Htext33                            text33       000000
__Htext34                            text34       000000
__Htext35                            text35       000000
__Htext36                            text36       000000
__Htext37                            text37       000000
__Htext38                            text38       000000
__Htext39                            text39       000000
__Htext4                             text4        000000
__Htext40                            text40       000000
__Htext41                            text41       000000
__Htext42                            text42       000000
__Htext43                            text43       000000
__Htext44                            text44       000000
__Htext45                            text45       000000
__Htext46                            text46       000000
__Htext47                            text47       000000
__Htext48                            text48       000000
__Htext49                            text49       000000
__Htext5                             text5        000000
__Htext50                            text50       000000
__Htext51                            text51       000000
__Htext52                            text52       000000
__Htext53                            text53       000000
__Htext54                            text54       000000
__Htext55                            text55       000000
__Htext56                            text56       000000
__Htext57                            text57       000000
__Htext58                            text58       000000
__Htext59                            text59       000000
__Htext6                             text6        000000
__Htext60                            text60       000000
__Htext61                            text61       000000
__Htext62                            text62       000000
__Htext63                            text63       000000
__Htext64                            text64       000000
__Htext65                            text65       000000
__Htext66                            text66       000000
__Htext67                            text67       000000
__Htext68                            text68       000000
__Htext69                            text69       000000
__Htext7                             text7        000000
__Htext70                            text70       000000
__Htext71                            text71       000000
__Htext72                            text72       000000
__Htext73                            text73       000000
__Htext74                            text74       000000
__Htext75                            text75       000000
__Htext76                            text76       000000
__Htext77                            text77       000000
__Htext78                            text78       000000
__Htext79                            text79       000000
__Htext8                             text8        000000
__Htext80                            text80       000000
__Htext81                            text81       000000
__Htext82                            text82       000000
__Htext83                            text83       000000
__Htext84                            text84       000000
__Htext85                            text85       000000
__Htext86                            text86       000000
__Htext87                            text87       000000
__Htext88                            text88       000000
__Htext89                            text89       000000
__Htext9                             text9        000000
__Htext90                            text90       000000
__Htext91                            text91       000000
__Htext92                            text92       000000
__Htext93                            text93       000000
__Htext94                            text94       000000
__Htext95                            text95       000000
__Htext96                            text96       000000
__Htext97                            text97       000000
__Htext98                            text98       000000
__Htext99                            text99       000000
__LRAM                               (abs)        000001
__L__absolute__                      __absolute__ 000000
__Labs1                              abs1         000000
__Lbank10                            bank10       000000
__Lbank11                            bank11       000000
__Lbank12                            bank12       000000
__Lbank13                            bank13       000000
__Lbank14                            bank14       000000
__Lbank15                            bank15       000000
__Lbank16                            bank16       000000
__Lbank17                            bank17       000000
__Lbank18                            bank18       000000
__Lbank19                            bank19       000000
__Lbank20                            bank20       000000
__Lbank21                            bank21       000000
__Lbank22                            bank22       000000
__Lbank23                            bank23       000000
__Lbank24                            bank24       000000
__Lbank25                            bank25       000000
__Lbank26                            bank26       000000
__Lbank27                            bank27       000000
__Lbank28                            bank28       000000
__Lbank29                            bank29       000000
__Lbank30                            bank30       000000
__Lbank31                            bank31       000000
__Lbank32                            bank32       000000
__Lbank33                            bank33       000000
__Lbank34                            bank34       000000
__Lbank35                            bank35       000000
__Lbank36                            bank36       000000
__Lbank5                             bank5        000000
__Lbank6                             bank6        000000
__Lbank7                             bank7        000000
__Lbank8                             bank8        000000
__Lbank9                             bank9        000000
__Lbigbss                            bigbss       000000
__Lbigdata                           bigdata      000000
__Lbigram                            bigram       000000
__Lbigsfr                            bigsfr       000000
__Lbss                               bss          000000
__LbssBANK6                          bssBANK6     000000
__LbssBANK7                          bssBANK7     000000
__LbssBANK8                          bssBANK8     000000
__LbssBIGRAM                         bssBIGRAM    000000
__Lcinit                             cinit        000000
__Lclrtext                           clrtext      000000
__Lcomram                            comram       000000
__Lconfig                            config       000000
__Lconst                             const        000000
__LcstackBANK5                       cstackBANK5  000000
__LcstackBANK6                       cstackBANK6  000000
__LcstackBANK7                       cstackBANK7  000000
__LcstackCOMRAM                      cstackCOMRAM 000000
__Ldata                              data         000000
__LdataBANK7                         dataBANK7    000000
__LdataBANK8                         dataBANK8    000000
__Leeprom_data                       eeprom_data  000000
__Lfarbss                            farbss       000000
__Lfardata                           fardata      000000
__Lheap                              heap         000000
__Libigdata                          ibigdata     000000
__Lidata                             idata        000000
__LidataBANK7                        idataBANK7   000000
__LidataBANK8                        idataBANK8   000000
__Lidloc                             idloc        000000
__Lifardata                          ifardata     000000
__Linit                              init         01FFFC
__Lintsave_regs                      intsave_regs 000000
__Lirdata                            irdata       000000
__Lmediumconst                       mediumconst  00D970
__LnvFARRAM                          nvFARRAM     000000
__Lnvbit                             nvbit        000000
__Lnvrram                            nvrram       000000
__Lparam                             rparam       000000
__Lpowerup                           powerup      000000
__Lram                               ram          000000
__Lramtop                            ramtop       002500
__Lrbit                              rbit         000000
__Lrbss                              rbss         000000
__Lrdata                             rdata        000000
__Lreset_vec                         reset_vec    000000
__Lrparam                            rparam       000000
__Lsfr                               sfr          000000
__Lsmallconst                        smallconst   000000
__Lspace_0                           (abs)        000000
__Lspace_1                           (abs)        000000
__Lspace_2                           (abs)        000000
__Lspace_4                           (abs)        000000
__Lstack                             stack        000000
__Lstruct                            struct       000000
__Ltemp                              temp         000000
__Ltext                              text         000000
__Ltext0                             text0        000000
__Ltext1                             text1        000000
__Ltext10                            text10       000000
__Ltext100                           text100      000000
__Ltext101                           text101      000000
__Ltext102                           text102      000000
__Ltext103                           text103      000000
__Ltext104                           text104      000000
__Ltext105                           text105      000000
__Ltext106                           text106      000000
__Ltext107                           text107      000000
__Ltext108                           text108      000000
__Ltext109                           text109      000000
__Ltext11                            text11       000000
__Ltext110                           text110      000000
__Ltext111                           text111      000000
__Ltext112                           text112      000000
__Ltext113                           text113      000000
__Ltext114                           text114      000000
__Ltext115                           text115      000000
__Ltext116                           text116      000000
__Ltext117                           text117      000000
__Ltext118                           text118      000000
__Ltext119                           text119      000000
__Ltext12                            text12       000000
__Ltext120                           text120      000000
__Ltext13                            text13       000000
__Ltext14                            text14       000000
__Ltext15                            text15       000000
__Ltext16                            text16       000000
__Ltext17                            text17       000000
__Ltext18                            text18       000000
__Ltext19                            text19       000000
__Ltext2                             text2        000000
__Ltext20                            text20       000000
__Ltext21                            text21       000000
__Ltext22                            text22       000000
__Ltext23                            text23       000000
__Ltext24                            text24       000000
__Ltext25                            text25       000000
__Ltext26                            text26       000000
__Ltext27                            text27       000000
__Ltext28                            text28       000000
__Ltext29                            text29       000000
__Ltext3                             text3        000000
__Ltext30                            text30       000000
__Ltext31                            text31       000000
__Ltext32                            text32       000000
__Ltext33                            text33       000000
__Ltext34                            text34       000000
__Ltext35                            text35       000000
__Ltext36                            text36       000000
__Ltext37                            text37       000000
__Ltext38                            text38       000000
__Ltext39                            text39       000000
__Ltext4                             text4        000000
__Ltext40                            text40       000000
__Ltext41                            text41       000000
__Ltext42                            text42       000000
__Ltext43                            text43       000000
__Ltext44                            text44       000000
__Ltext45                            text45       000000
__Ltext46                            text46       000000
__Ltext47                            text47       000000
__Ltext48                            text48       000000
__Ltext49                            text49       000000
__Ltext5                             text5        000000
__Ltext50                            text50       000000
__Ltext51                            text51       000000
__Ltext52                            text52       000000
__Ltext53                            text53       000000
__Ltext54                            text54       000000
__Ltext55                            text55       000000
__Ltext56                            text56       000000
__Ltext57                            text57       000000
__Ltext58                            text58       000000
__Ltext59                            text59       000000
__Ltext6                             text6        000000
__Ltext60                            text60       000000
__Ltext61                            text61       000000
__Ltext62                            text62       000000
__Ltext63                            text63       000000
__Ltext64                            text64       000000
__Ltext65                            text65       000000
__Ltext66                            text66       000000
__Ltext67                            text67       000000
__Ltext68                            text68       000000
__Ltext69                            text69       000000
__Ltext7                             text7        000000
__Ltext70                            text70       000000
__Ltext71                            text71       000000
__Ltext72                            text72       000000
__Ltext73                            text73       000000
__Ltext74                            text74       000000
__Ltext75                            text75       000000
__Ltext76                            text76       000000
__Ltext77                            text77       000000
__Ltext78                            text78       000000
__Ltext79                            text79       000000
__Ltext8                             text8        000000
__Ltext80                            text80       000000
__Ltext81                            text81       000000
__Ltext82                            text82       000000
__Ltext83                            text83       000000
__Ltext84                            text84       000000
__Ltext85                            text85       000000
__Ltext86                            text86       000000
__Ltext87                            text87       000000
__Ltext88                            text88       000000
__Ltext89                            text89       000000
__Ltext9                             text9        000000
__Ltext90                            text90       000000
__Ltext91                            text91       000000
__Ltext92                            text92       000000
__Ltext93                            text93       000000
__Ltext94                            text94       000000
__Ltext95                            text95       000000
__Ltext96                            text96       000000
__Ltext97                            text97       000000
__Ltext98                            text98       000000
__Ltext99                            text99       000000
__S0                                 (abs)        020000
__S1                                 (abs)        0019BC
__S4                                 (abs)        000000
__S5                                 (abs)        000000
___SDCard_command_r1                 text108      018DDE
___SDCard_command_r1@argument        cstackCOMRAM 000518
___SDCard_command_r1@buf             cstackCOMRAM 00051F
___SDCard_command_r1@command         cstackCOMRAM 00051E
___SDCard_command_r1@r1              cstackCOMRAM 00051C
___SDCard_command_r1@response        cstackCOMRAM 000525
___SDCard_command_r1@spi             cstackCOMRAM 000526
___SDCard_crc16                      text63       018B2C
___SDCard_crc16@buf                  cstackCOMRAM 000503
___SDCard_crc16@count                cstackCOMRAM 000505
___SDCard_crc16@crc                  cstackCOMRAM 000501
___SDCard_crc16@endp                 cstackCOMRAM 00050A
___SDCard_crc16@p                    cstackCOMRAM 00050C
___SDCard_wait_response              text109      019D76
___SDCard_wait_response@attempts     cstackCOMRAM 000512
___SDCard_wait_response@no_response  cstackCOMRAM 000516
___SDCard_wait_response@response     cstackCOMRAM 000517
___SDCard_wait_response@spi          cstackCOMRAM 000514
___aldiv                             text102      018530
___aldiv@counter                     cstackCOMRAM 000509
___aldiv@dividend                    cstackCOMRAM 000501
___aldiv@divisor                     cstackCOMRAM 000505
___aldiv@quotient                    cstackCOMRAM 00050B
___aldiv@sign                        cstackCOMRAM 00050A
___almod                             text101      018D32
___almod@counter                     cstackCOMRAM 000509
___almod@dividend                    cstackCOMRAM 000501
___almod@divisor                     cstackCOMRAM 000505
___almod@sign                        cstackCOMRAM 00050A
___fladd                             text91       01475A
___fladd@a                           cstackCOMRAM 000505
___fladd@aexp                        cstackCOMRAM 00050E
___fladd@b                           cstackCOMRAM 000501
___fladd@bexp                        cstackCOMRAM 00050F
___fladd@grs                         cstackCOMRAM 000510
___fladd@signs                       cstackCOMRAM 00050D
___fldiv                             text96       0152C6
___fldiv@a                           cstackCOMRAM 00051F
___fldiv@aexp                        cstackCOMRAM 000533
___fldiv@b                           cstackCOMRAM 00051B
___fldiv@bexp                        cstackCOMRAM 000532
___fldiv@grs                         cstackCOMRAM 00052E
___fldiv@new_exp                     cstackCOMRAM 00052C
___fldiv@rem                         cstackCOMRAM 000527
___fldiv@sign                        cstackCOMRAM 00052B
___fleq                              text95       019198
___fleq@ff1                          cstackCOMRAM 000501
___fleq@ff2                          cstackCOMRAM 000505
___flge                              text94       0182C6
___flge@ff1                          cstackCOMRAM 00051A
___flge@ff2                          cstackCOMRAM 00051E
___flmul                             text93       01442E
___flmul@a                           cstackCOMRAM 000505
___flmul@aexp                        cstackCOMRAM 00050E
___flmul@b                           cstackCOMRAM 000501
___flmul@bexp                        cstackCOMRAM 000513
___flmul@grs                         cstackCOMRAM 00050F
___flmul@prod                        cstackCOMRAM 000514
___flmul@sign                        cstackCOMRAM 00050D
___flmul@temp                        cstackCOMRAM 000518
___flneg                             text92       019DA8
___flneg@f1                          cstackCOMRAM 000501
___flsub                             text90       019AD8
___flsub@a                           cstackCOMRAM 00051E
___flsub@b                           cstackCOMRAM 00051A
___fltol                             text89       018902
___fltol@exp1                        cstackCOMRAM 00050A
___fltol@f1                          cstackCOMRAM 000501
___fltol@sign1                       cstackCOMRAM 000509
___fpclassifyf                       text88       018464
___fpclassifyf@F465                  bssBANK7     00070F
___fpclassifyf@e                     cstackCOMRAM 000509
___fpclassifyf@u                     cstackCOMRAM 00050B
___fpclassifyf@x                     cstackCOMRAM 000501
___heap_hi                           (abs)        000000
___heap_lo                           (abs)        000000
___inthi_sp                          stack        000000
___inthi_stack_hi                    stack        000000
___inthi_stack_lo                    stack        000000
___intlo_sp                          stack        000000
___intlo_stack_hi                    stack        000000
___intlo_stack_lo                    stack        000000
___lldiv                             text68       019326
___lldiv@counter                     cstackCOMRAM 00050D
___lldiv@dividend                    cstackCOMRAM 000501
___lldiv@divisor                     cstackCOMRAM 000505
___lldiv@quotient                    cstackCOMRAM 000509
___lmul                              text67       019866
___lmul@multiplicand                 cstackCOMRAM 000505
___lmul@multiplier                   cstackCOMRAM 000501
___lmul@product                      cstackCOMRAM 000509
___param_bank                        (abs)        000000
___rparam_used                       (abs)        000001
___sp                                stack        000000
___stack_hi                          stack        000000
___stack_lo                          stack        000000
___wmul                              text82       019ECC
___wmul@multiplicand                 cstackCOMRAM 000503
___wmul@multiplier                   cstackCOMRAM 000501
___wmul@product                      cstackCOMRAM 000505
___xxtofl                            text72       017546
___xxtofl@arg                        cstackCOMRAM 000517
___xxtofl@exp                        cstackCOMRAM 000516
___xxtofl@sign                       cstackCOMRAM 000515
___xxtofl@val                        cstackCOMRAM 00050D
__accesstop                          (abs)        000560
__activetblptr                       (abs)        000003
__end_of_DbcTbl                      mediumconst  00D97B
__end_of_SDCard_command              text107      019662
__end_of_SDCard_crc                  text113      019866
__end_of_SDCard_end_transaction      text114      019E56
__end_of_SDCard_init                 text74       016238
__end_of_SDCard_read512              text61       016040
__end_of_SDCard_write512             text59       0157C4
__end_of_SD_init                     text73       0195F2
__end_of_SPI_SD_begin                text106      019D76
__end_of_SPI_SD_begin_transaction    text112      019F5A
__end_of_SPI_SD_configure            text75       0182C6
__end_of_SPI_SD_dummy_clocks         text117      019962
__end_of_SPI_SD_end_transaction      text115      019F7C
__end_of_SPI_SD_receive              text111      0159F2
__end_of_SPI_SD_receive_byte         text110      019F38
__end_of_SPI_SD_select               text116      019FD4
__end_of_SPI_SD_send                 text120      0197A2
__end_of___SDCard_command_r1         text108      018E88
__end_of___SDCard_crc16              text63       018BDA
__end_of___SDCard_wait_response      text109      019DA8
__end_of___aldiv                     text102      0185FC
__end_of___almod                     text101      018DDE
__end_of___fladd                     text91       014A66
__end_of___fldiv                     text96       01554E
__end_of___fleq                      text95       019222
__end_of___flge                      text94       018396
__end_of___flmul                     text93       01475A
__end_of___flneg                     text92       019DD6
__end_of___flsub                     text90       019B1E
__end_of___fltol                     text89       0189BC
__end_of___fpclassifyf               text88       018530
__end_of___lldiv                     text68       0193A8
__end_of___lmul                      text67       0198BC
__end_of___wmul                      text82       019EF2
__end_of___xxtofl                    text72       017686
__end_of__initialization             cinit        019490
__end_of_abs                         text100      019EA6
[...]
ld_dword@ptr                         cstackCOMRAM 000501
ld_dword@rv                          cstackCOMRAM 00050A
ld_word@ptr                          cstackCOMRAM 000501
ld_word@rv                           cstackCOMRAM 000506
mem_init@addr                        cstackBANK5  0005AC
mem_init@i                           cstackBANK5  0005AA
memcmp@l                             cstackCOMRAM 000509
memcmp@n                             cstackCOMRAM 000505
memcmp@r                             cstackCOMRAM 00050B
memcmp@vl                            cstackCOMRAM 000501
memcmp@vr                            cstackCOMRAM 000503
memcpy@d                             cstackCOMRAM 000507
memcpy@d1                            cstackCOMRAM 000501
memcpy@n                             cstackCOMRAM 000505
memcpy@s                             cstackCOMRAM 000509
memcpy@s1                            cstackCOMRAM 000503
memcpy@tmp                           cstackCOMRAM 00050B
memset@c                             cstackCOMRAM 000503
memset@dest                          cstackCOMRAM 000501
memset@n                             cstackCOMRAM 000505
memset@p                             cstackCOMRAM 000507
menu_select@buf                      cstackBANK7  0007C6
menu_select@c                        cstackBANK7  0007CF
menu_select@drive                    cstackBANK7  0007C8
menu_select@drive_letter             cstackBANK7  0007CA
menu_select@i                        cstackBANK7  0007CD
menu_select@selection                cstackBANK7  0007CB
mount_volume@bsect                   cstackBANK6  00069E
mount_volume@fasize                  cstackBANK6  0006A7
mount_volume@fmt                     cstackBANK6  0006AB
mount_volume@fs                      cstackBANK6  0006AD
mount_volume@mode                    cstackBANK6  000685
mount_volume@nclst                   cstackBANK6  0006A3
mount_volume@nrsv                    cstackBANK6  000698
mount_volume@path                    cstackBANK6  000681
mount_volume@rfs                     cstackBANK6  000683
mount_volume@stat                    cstackBANK6  0006A2
mount_volume@sysect                  cstackBANK6  000694
mount_volume@szbfat                  cstackBANK6  00068E
mount_volume@tsect                   cstackBANK6  00069A
mount_volume@vol                     cstackBANK6  000692
move_window@fs                       cstackBANK6  000600
move_window@res                      cstackBANK5  0005FF
move_window@sect                     cstackBANK6  000602
pad@buf                              cstackCOMRAM 000514
pad@fp                               cstackCOMRAM 000512
pad@i                                cstackCOMRAM 000519
pad@p                                cstackCOMRAM 000516
printf@ap                            cstackCOMRAM 00055D
printf@fmt                           cstackBANK5  00059A
put_fat@bc                           cstackBANK6  000628
put_fat@clst                         cstackBANK6  00060C
put_fat@fs                           cstackBANK6  00060A
put_fat@p                            cstackBANK6  000626
put_fat@res                          cstackBANK6  00062A
put_fat@val                          cstackBANK6  000610
putch@c                              cstackCOMRAM 000501
read_prec_or_width@ap                cstackCOMRAM 000509
read_prec_or_width@c                 cstackCOMRAM 00050D
read_prec_or_width@fmt               cstackCOMRAM 000507
read_prec_or_width@n                 cstackCOMRAM 00050E
release_bus@ctx                      cstackCOMRAM 000503
release_bus@ctx_                     cstackCOMRAM 000501
remove_chain@clst                    cstackBANK6  00062D
remove_chain@fs                      cstackBANK6  000642
remove_chain@nxt                     cstackBANK6  00063D
remove_chain@obj                     cstackBANK6  00062B
remove_chain@pclst                   cstackBANK6  000631
remove_chain@res                     cstackBANK6  000641
sprintf@ap                           cstackBANK5  0005A2
sprintf@f                            cstackBANK5  0005A4
sprintf@fmt                          cstackBANK5  00059C
sprintf@s                            cstackBANK5  00059A
st_clust@cl                          cstackCOMRAM 000509
st_clust@dir                         cstackCOMRAM 000507
st_clust@fs                          cstackCOMRAM 000505
st_dword@ptr                         cstackCOMRAM 000501
st_dword@val                         cstackCOMRAM 000503
st_word@ptr                          cstackCOMRAM 000501
st_word@val                          cstackCOMRAM 000503
stackhi                              (abs)        000000
stacklo                              (abs)        000000
start                                init         01FFFC
start_initialization                 cinit        019420
stoa@cp                              cstackCOMRAM 000515
stoa@fp                              cstackCOMRAM 00050B
stoa@l                               cstackCOMRAM 000517
stoa@p                               cstackCOMRAM 000511
stoa@s                               cstackCOMRAM 00050D
stoa@w                               cstackCOMRAM 000513
strchr@c                             cstackCOMRAM 000503
strchr@s                             cstackCOMRAM 000501
strcmp@l                             cstackCOMRAM 000501
strcmp@r                             cstackCOMRAM 000503
strcpy@d                             cstackCOMRAM 000505
strcpy@dest                          cstackCOMRAM 000501
strcpy@src                           cstackCOMRAM 000503
strncmp@l                            cstackCOMRAM 000501
strncmp@n                            cstackCOMRAM 000505
strncmp@r                            cstackCOMRAM 000503
sync_fs@fs                           cstackBANK6  000600
sync_fs@res                          cstackBANK5  0005FF
sync_window@fs                       cstackBANK5  0005ED
sync_window@res                      cstackCOMRAM 00055F
util_addrdump@addr                   cstackBANK5  0005AC
util_addrdump@addr_offs              cstackBANK5  0005A8
util_addrdump@buf                    cstackBANK5  0005C3
util_addrdump@chars                  cstackBANK5  0005B2
util_addrdump@header                 cstackBANK5  0005A6
util_addrdump@i                      cstackBANK5  0005C5
util_addrdump@size                   cstackBANK5  0005AE
util_hexdump@addr                    cstackBANK5  0005A8
util_hexdump@buf                     cstackBANK5  0005BF
util_hexdump@chars                   cstackBANK5  0005AE
util_hexdump@header                  cstackBANK5  0005A6
util_hexdump@i                       cstackBANK5  0005C1
util_hexdump@size                    cstackBANK5  0005AA
validate@obj                         cstackBANK5  0005A6
validate@res                         cstackBANK5  0005B0
validate@rfs                         cstackBANK5  0005A8
vfpfcnvrt@ap                         cstackCOMRAM 000555
vfpfcnvrt@c                          cstackBANK5  000591
vfpfcnvrt@convarg                    cstackBANK5  00058D
vfpfcnvrt@cp                         cstackBANK5  000592
vfpfcnvrt@done                       cstackBANK5  00058C
vfpfcnvrt@fmt                        cstackCOMRAM 000553
vfpfcnvrt@fp                         cstackCOMRAM 000551
vfprintf@ap                          cstackBANK5  000598
vfprintf@cfmt                        cstackCOMRAM 00055B
vfprintf@fmt                         cstackBANK5  000596
vfprintf@fp                          cstackBANK5  000594
xtoa@a                               cstackCOMRAM 000528
xtoa@c                               cstackCOMRAM 00052D
xtoa@d                               cstackCOMRAM 00051D
xtoa@fp                              cstackCOMRAM 00051B
xtoa@i                               cstackCOMRAM 00052E
xtoa@p                               cstackCOMRAM 000529
xtoa@w                               cstackCOMRAM 00052B
xtoa@x                               cstackCOMRAM 000521


MODULE INFORMATION

Module		Function		Class		Link	Load	Size
C:\Program Files\Microchip\xc8\v2.46\pic\sources\c99\common\fltol.c
		___fltol       		CODE           	18902	0000	186

C:\Program Files\Microchip\xc8\v2.46\pic\sources\c99\common\fltol.c estimated size: 186

C:\Program Files\Microchip\xc8\v2.46\pic\sources\c99\common\printf.c
		_printf        		CODE           	19EA6	0000	38

C:\Program Files\Microchip\xc8\v2.46\pic\sources\c99\common\printf.c estimated size: 38

drivers/diskio.c
		_get_fattime   		CODE           	19FB2	0000	18
		_disk_initialize		CODE           	17A1E	0000	300
		_disk_write    		CODE           	19222	0000	130
		_disk_status   		CODE           	19EF2	0000	36
		_disk_ioctl    		CODE           	19962	0000	78
		_disk_read     		CODE           	192A4	0000	130

drivers/diskio.c estimated size: 692

C:\Program Files\Microchip\xc8\v2.46\pic\sources\c99\common\floorf.c
		_floorf        		CODE           	1697A	0000	424

C:\Program Files\Microchip\xc8\v2.46\pic\sources\c99\common\floorf.c estimated size: 424

fatfs/ff.c
		_clst2sect     		CODE           	18786	0000	192
		_find_volume   		CODE           	16E54	0000	394
		_dir_clear     		CODE           	177BA	0000	308
		_ld_dword      		CODE           	189BC	0000	184
		_remove_chain  		CODE           	167C4	0000	438
		_f_mount       		CODE           	18396	0000	206
		_get_fat       		CODE           	140D0	0000	862
		_st_word       		CODE           	19E56	0000	40
		_get_ldnumber  		CODE           	172BC	0000	328
		_st_clust      		CODE           	19BE8	0000	66
		_create_name   		CODE           	15012	0000	692
		_create_chain  		CODE           	1312C	0000	1156
		_dbc_1st       		CODE           	19662	0000	110
		_f_lseek       		CODE           	118AE	0000	1690
		_validate      		CODE           	186C4	0000	194
		_check_fs      		CODE           	15C1A	0000	538
		_f_sync        		CODE           	16238	0000	488
		_get_fileinfo  		CODE           	16608	0000	444
		_dir_read      		CODE           	178EE	0000	304
		_st_dword      		CODE           	196D0	0000	108
		_f_write       		CODE           	111B6	0000	1784
		_dir_alloc     		CODE           	180D4	0000	254
		_f_opendir     		CODE           	17B4A	0000	292
		_put_fat       		CODE           	135B0	0000	1024
		_f_readdir     		CODE           	18BDA	0000	172
		_sync_fs       		CODE           	16420	0000	488
		_dir_next      		CODE           	13D6A	0000	870
		_sync_window   		CODE           	16FDE	0000	370
		_dir_register  		CODE           	185FC	0000	200
		_ld_word       		CODE           	19C6A	0000	56
		_dir_find      		CODE           	17686	0000	308
		_f_open        		CODE           	11F48	0000	1566
		_f_read        		CODE           	12566	0000	1512
		_dir_sdi       		CODE           	14A66	0000	740
		_follow_path   		CODE           	16B22	0000	422
		_f_closedir    		CODE           	19E02	0000	42
		_dbc_2nd       		CODE           	1906A	0000	154
		_ld_clust      		CODE           	19496	0000	118
		_move_window   		CODE           	18846	0000	188
		_mount_volume  		CODE           	108E0	0000	2262

fatfs/ff.c estimated size: 21564

C:\Program Files\Microchip\xc8\v2.46\pic\sources\c99\common\nf_fputc.c
		_fputc         		CODE           	18F2C	0000	160

C:\Program Files\Microchip\xc8\v2.46\pic\sources\c99\common\nf_fputc.c estimated size: 160

C:\Program Files\Microchip\xc8\v2.46\pic\sources\c99\common\xxtofl.c
		___xxtofl      		CODE           	17546	0000	320

C:\Program Files\Microchip\xc8\v2.46\pic\sources\c99\common\xxtofl.c estimated size: 320

C:\Program Files\Microchip\xc8\v2.46\pic\sources\c99\common\aldiv.c
		___aldiv       		CODE           	18530	0000	204

C:\Program Files\Microchip\xc8\v2.46\pic\sources\c99\common\aldiv.c estimated size: 204

drivers/utils.c
		_util_addrdump 		CODE           	17C6E	0000	292
		_util_hexdump  		CODE           	17EB0	0000	276

drivers/utils.c estimated size: 568

src/boards/../../drivers/SDCard.c
		_SDCard_crc    		CODE           	19804	0000	98
		___SDCard_crc16		CODE           	18B2C	0000	174
		_SDCard_init   		CODE           	16040	0000	504
		_SDCard_read512		CODE           	15E34	0000	524
		_SDCard_command		CODE           	195F2	0000	112
		_SDCard_write512		CODE           	1554E	0000	630
		_SDCard_end_transaction		CODE           	19E2C	0000	42
		___SDCard_wait_response		CODE           	19D76	0000	50
		___SDCard_command_r1		CODE           	18DDE	0000	170

src/boards/../../drivers/SDCard.c estimated size: 2304

C:\Program Files\Microchip\xc8\v2.46\pic\sources\c99\common\flneg.c
		___flneg       		CODE           	19DA8	0000	46

C:\Program Files\Microchip\xc8\v2.46\pic\sources\c99\common\flneg.c estimated size: 46

C:\Program Files\Microchip\xc8\v2.46\pic\sources\c99\common\strncmp.c
		_strncmp       		CODE           	18FCC	0000	158

C:\Program Files\Microchip\xc8\v2.46\pic\sources\c99\common\strncmp.c estimated size: 158

C:\Program Files\Microchip\xc8\v2.46\pic\sources\c99\common\strcmp.c
		_strcmp        		CODE           	197A2	0000	98

C:\Program Files\Microchip\xc8\v2.46\pic\sources\c99\common\strcmp.c estimated size: 98

C:\Program Files\Microchip\xc8\v2.46\pic\sources\c99\common\__fpclassifyf.c
		___fpclassifyf 		CODE           	18464	0000	204

C:\Program Files\Microchip\xc8\v2.46\pic\sources\c99\common\__fpclassifyf.c estimated size: 204

C:\Program Files\Microchip\xc8\v2.46\pic\sources\c99\common\strchr.c
		_strchr        		CODE           	19B1E	0000	68

C:\Program Files\Microchip\xc8\v2.46\pic\sources\c99\common\strchr.c estimated size: 68

C:\Program Files\Microchip\xc8\v2.46\pic\sources\c99\common\sprcmul.c
		___flmul       		CODE           	1442E	0000	812

C:\Program Files\Microchip\xc8\v2.46\pic\sources\c99\common\sprcmul.c estimated size: 812

C:\Program Files\Microchip\xc8\v2.46\pic\sources\c99\common\strcpy.c
		_strcpy        		CODE           	19D12	0000	50

C:\Program Files\Microchip\xc8\v2.46\pic\sources\c99\common\strcpy.c estimated size: 50

C:\Program Files\Microchip\xc8\v2.46\pic\sources\c99\common\memset.c
		_memset        		CODE           	19DD6	0000	44

C:\Program Files\Microchip\xc8\v2.46\pic\sources\c99\common\memset.c estimated size: 44

src/io.c
		_wait_for_programmer		CODE           	19BA6	0000	66
		_putch         		CODE           	19FEC	0000	12
		_SD_init       		CODE           	19582	0000	112
		_mem_init      		CODE           	16CC8	0000	396
		_menu_select   		CODE           	139B0	0000	954
		_disk_io_handle		CODE           	14D4A	0000	712
		_getch         		CODE           	19FD4	0000	12

src/io.c estimated size: 2264

C:\Program Files\Microchip\xc8\v2.46\pic\sources\c99\common\sprcdiv.c
		___fldiv       		CODE           	152C6	0000	648

C:\Program Files\Microchip\xc8\v2.46\pic\sources\c99\common\sprcdiv.c estimated size: 648

C:\Program Files\Microchip\xc8\v2.46\pic\sources\c99\common\fleq.c
		___fleq        		CODE           	19198	0000	138

C:\Program Files\Microchip\xc8\v2.46\pic\sources\c99\common\fleq.c estimated size: 138

C:\Program Files\Microchip\xc8\v2.46\pic\sources\c99\common\doprnt.c
		_read_prec_or_width		CODE           	18A74	0000	184
		_vfpfcnvrt     		CODE           	12B4E	0000	1502
		_efgtoa        		CODE           	10000	0000	2272
		_pad           		CODE           	193A8	0000	120
		_ctoa          		CODE           	19104	0000	148
		_dtoa          		CODE           	17150	0000	364
		_vfprintf      		CODE           	19A90	0000	72
		_stoa          		CODE           	17404	0000	322
		_xtoa          		CODE           	17D92	0000	286

C:\Program Files\Microchip\xc8\v2.46\pic\sources\c99\common\doprnt.c estimated size: 5270

C:\Program Files\Microchip\xc8\v2.46\pic\sources\c99\common\nf_sprintf.c
		_sprintf       		CODE           	199B0	0000	76

C:\Program Files\Microchip\xc8\v2.46\pic\sources\c99\common\nf_sprintf.c estimated size: 76

src/boards/SBC8080-57Q.c
		_emuz80_57q_sys_init		CODE           	18E88	0000	164
		_main          		CODE           	159F2	0000	552
		_emuz80_57q_enter_bus_master		CODE           	19F9C	0000	22
		_emuz80_57q_exit_bus_master		CODE           	19FE0	0000	12
		_emuz80_57q_read_from_sram		CODE           	198BC	0000	84
		_emuz80_57q_start_cpu		CODE           	17FC4	0000	272
		_emuz80_57q_get_from_sram		CODE           	19F7C	0000	32
		_emuz80_57q_write_to_sram		CODE           	1950C	0000	118

src/boards/SBC8080-57Q.c estimated size: 1256

shared
		_bios          		MEDIUMCONST    	EFB0	0000	1332
		_bdosccp       		MEDIUMCONST    	D97D	0000	5683
		_num_drives    		MEDIUMCONST    	0000	0000	0
		_rom           		MEDIUMCONST    	F4E4	0000	831
		_DbcTbl        		MEDIUMCONST    	D971	0000	10
		__initialization		CODE           	19420	0000	112

shared estimated size: 7968

C:\Program Files\Microchip\xc8\v2.46\pic\sources\c99\common\__lldiv.c
		___lldiv       		CODE           	19326	0000	130

C:\Program Files\Microchip\xc8\v2.46\pic\sources\c99\common\__lldiv.c estimated size: 130

C:\Program Files\Microchip\xc8\v2.46\pic\sources\c99\common\Umul16.c
		___wmul        		CODE           	19ECC	0000	38

C:\Program Files\Microchip\xc8\v2.46\pic\sources\c99\common\Umul16.c estimated size: 38

C:\Program Files\Microchip\xc8\v2.46\pic\sources\c99\common\nf_fputs.c
		_fputs         		CODE           	19CA2	0000	56

C:\Program Files\Microchip\xc8\v2.46\pic\sources\c99\common\nf_fputs.c estimated size: 56

C:\Program Files\Microchip\xc8\v2.46\pic\sources\c99\common\sprcadd.c
		___flsub       		CODE           	19AD8	0000	70
		___fladd       		CODE           	1475A	0000	780

C:\Program Files\Microchip\xc8\v2.46\pic\sources\c99\common\sprcadd.c estimated size: 850

C:\Program Files\Microchip\xc8\v2.46\pic\sources\c99\common\memcmp.c
		_memcmp        		CODE           	18C86	0000	172

C:\Program Files\Microchip\xc8\v2.46\pic\sources\c99\common\memcmp.c estimated size: 172

C:\Program Files\Microchip\xc8\v2.46\pic\sources\c99\common\memcpy.c
		_memcpy        		CODE           	19B62	0000	68

C:\Program Files\Microchip\xc8\v2.46\pic\sources\c99\common\memcpy.c estimated size: 68

src/boards/../../drivers/pic18f47q43_spi.c
		_SPI_SD_send   		CODE           	1973C	0000	102
		_SPI_SD_begin  		CODE           	19D44	0000	50
		_SPI_SD_select 		CODE           	19FC4	0000	16
		_SPI_SD_configure		CODE           	181D2	0000	244
		_SPI_SD_receive_byte		CODE           	19F16	0000	34
		_SPI_SD_receive		CODE           	157C4	0000	558
		_SPI_SD_end_transaction		CODE           	19F5A	0000	34
		_SPI_SD_dummy_clocks		CODE           	19910	0000	82
		_release_bus   		CODE           	19CDA	0000	56
		_SPI_SD_begin_transaction		CODE           	19F38	0000	34
		_acquire_bus   		CODE           	19A46	0000	74

src/boards/../../drivers/pic18f47q43_spi.c estimated size: 1284

C:\Program Files\Microchip\xc8\v2.46\pic\sources\c99\common\labs.c
		_labs          		CODE           	199FC	0000	74

C:\Program Files\Microchip\xc8\v2.46\pic\sources\c99\common\labs.c estimated size: 74

C:\Program Files\Microchip\xc8\v2.46\pic\sources\c99\common\abs.c
		_abs           		CODE           	19E7E	0000	40

C:\Program Files\Microchip\xc8\v2.46\pic\sources\c99\common\abs.c estimated size: 40

C:\Program Files\Microchip\xc8\v2.46\pic\sources\c99\common\almod.c
		___almod       		CODE           	18D32	0000	172

C:\Program Files\Microchip\xc8\v2.46\pic\sources\c99\common\almod.c estimated size: 172

C:\Program Files\Microchip\xc8\v2.46\pic\sources\c99\common\Umul32.c
		___lmul        		CODE           	19866	0000	86

C:\Program Files\Microchip\xc8\v2.46\pic\sources\c99\common\Umul32.c estimated size: 86

C:\Program Files\Microchip\xc8\v2.46\pic\sources\c99\common\flge.c
		___flge        		CODE           	182C6	0000	208

C:\Program Files\Microchip\xc8\v2.46\pic\sources\c99\common\flge.c estimated size: 208

