 AS V1.42 Beta [Bld 271] - Source File bios_8080.asm - Page 1 - 8/4/2024 17:43:41


       1/   0 :                         ;	CBIOS for CP/M 2.2 running on emuz80-57q + SBC8080
       2/   0 :                         ;
       3/   0 :                         ;	Copyright (C) 2024 by Gazelle
       4/   0 :                         ;
       5/   0 :                         ;Permission is hereby granted, free of charge, to any person
       6/   0 :                         ;obtaining a copy of this software and associated documentation
       7/   0 :                         ;files (the "Software"), to deal in the Software without
       8/   0 :                         ;restriction, including without limitation the rights to use,
       9/   0 :                         ;copy, modify, merge, publish, distribute, sublicense, and/or sell
      10/   0 :                         ;copies of the Software, and to permit persons to whom the
      11/   0 :                         ;Software is furnished to do so, subject to the following
      12/   0 :                         ;conditions:
      13/   0 :                         ;
      14/   0 :                         ;The above copyright notice and this permission notice shall be
      15/   0 :                         ;included in all copies or substantial portions of the Software.
      16/   0 :                         ;
      17/   0 :                         ;THE SOFTWARE IS PROVIDED "AS IS", WITHOUT WARRANTY OF ANY KIND,
      18/   0 :                         ;EXPRESS OR IMPLIED, INCLUDING BUT NOT LIMITED TO THE WARRANTIES
      19/   0 :                         ;OF MERCHANTABILITY, FITNESS FOR A PARTICULAR PURPOSE AND
      20/   0 :                         ;NONINFRINGEMENT. IN NO EVENT SHALL THE AUTHORS OR COPYRIGHT
      21/   0 :                         ;HOLDERS BE LIABLE FOR ANY CLAIM, DAMAGES OR OTHER LIABILITY,
      22/   0 :                         ;WHETHER IN AN ACTION OF CONTRACT, TORT OR OTHERWISE, ARISING
      23/   0 :                         ;FROM, OUT OF OR IN CONNECTION WITH THE SOFTWARE OR THE USE OR
      24/   0 :                         ;OTHER DEALINGS IN THE SOFTWARE.
      25/   0 :                         
      26/   0 :                         ;
      27/   0 :                         ;	Z80 CBIOS for Z80-Simulator
      28/   0 :                         ;
      29/   0 :                         ;	Copyright (C) 1988-2007 by Udo Munk
      30/   0 :                         ;
      31/   0 :                         	CPU z80			;written in Zilog mnemonic,
      32/   0 :                         				;however only use 8080 instruction
      33/   0 :                         	include	"ipl_bios_inc.asm"
(1)    1/   0 : =40H                    PIC_IOBASE	EQU	40h
(1)    2/   0 : =0H                     UART_D8251	EQU	00h
(1)    3/   0 : =1H                     UART_C8251	EQU	01h
(1)    4/   0 :                         ;
(1)    5/   0 :                         ;	SuperMEZ80 I/O ports (PIC)
(1)    6/   0 :                         
(1)    7/   0 : =0FB20H                 DRV_NO		EQU	0FB20H
(1)    8/   0 : =0FB21H                 TRK_NO		EQU	0FB21H
(1)    9/   0 : =0FB22H                 SEC_NO		EQU	0FB22H
(1)   10/   0 : =0FB23H                 DMA_L		EQU	0FB23H
(1)   11/   0 : =0FB24H                 DMA_H		EQU	0FB24H
(1)   12/   0 :                         
(1)   13/   0 : =46H                    GET_BDOSCCP	EQU	PIC_IOBASE+6	;load bdos+ccp from pic rom
(1)   14/   0 : =47H                    GET_BIOS	EQU	PIC_IOBASE+7	;load bios from pic rom
(1)   15/   0 :                         
(1)   16/   0 : =4EH                    FDCST		EQU	PIC_IOBASE+14	;fdc-port: status
(1)   17/   0 : =52H                    DISK_READ	EQU	PIC_IOBASE+18
(1)   18/   0 : =53H                    DISK_WRITE	EQU	PIC_IOBASE+19
(1)   19/   0 : =0H                     D_SUCCESS	EQU	0
(1)   20/   0 : =1H                     D_ERROR		EQU	1
(1)   21/   0 :                         
(1)   22/   0 :                         
      34/   0 :                         
      35/   0 : =40H                    MSIZE	EQU	64		;cp/m version memory size in kilobytes
      36/   0 :                         ;
      37/   0 :                         ;	"bias" is address offset from 3400H for memory systems
      38/   0 :                         ;	than 16K (referred to as "b" throughout the text).
 AS V1.42 Beta [Bld 271] - Source File bios_8080.asm - Page 2 - 8/4/2024 17:43:41


      39/   0 :                         ;
      40/   0 : =0B000H                 BIAS	EQU	(MSIZE-20)*1024
      41/   0 : =0E400H                 CCP	EQU	3400H+BIAS	;base of ccp
      42/   0 : =0EC06H                 BDOS	EQU	CCP+806H	;base of bdos
      43/   0 : =0FA00H                 BIOS	EQU	CCP+1600H	;base of bios
      44/   0 : =2CH                    NSECTS	EQU	(BIOS-CCP)/128	;warm start sector count
      45/   0 : =4H                     CDISK	EQU	0004H		;current disk number 0=A,...,15=P
      46/   0 : =3H                     IOBYTE	EQU	0003H		;intel i/o byte
      47/   0 :                         ;
      48/FA00 :                         	ORG	BIOS		;origin of this program
      49/FA00 :                         ;
      50/FA00 :                         ;	jump vector for individual subroutines
      51/FA00 :                         ;
      52/FA00 : C3 3B FB                	JP	BOOT		;cold start
      53/FA03 : C3 4F FB                WBOOTE: JP	WBOOT		;warm start
      54/FA06 : C3 76 FB                	JP	CONST		;console status
      55/FA09 : C3 82 FB                	JP	CONIN		;console character in
      56/FA0C : C3 8C FB                	JP	CONOUT		;console character out
      57/FA0F : C3 99 FB                	JP	LIST		;list character out
      58/FA12 : C3 99 FB                	JP	PUNCH		;punch character out
      59/FA15 : C3 99 FB                	JP	READER		;reader character in
      60/FA18 : C3 9A FB                	JP	HOME		;move head to home position
      61/FA1B : C3 9F FB                	JP	SELDSK		;select disk
      62/FA1E : C3 CD FB                	JP	SETTRK		;set track number
      63/FA21 : C3 D2 FB                	JP	SETSEC		;set sector number
      64/FA24 : C3 E8 FB                	JP	SETDMA		;set dma address
      65/FA27 : C3 F1 FB                	JP	READ		;read disk
      66/FA2A : C3 F7 FB                	JP	WRITE		;write disk
      67/FA2D : C3 97 FB                	JP	LISTST		;return list status
      68/FA30 : C3 D7 FB                	JP	SECTRAN		;sector translate
      69/FA33 :                         ;
      70/FA33 :                         ;	fixed data tables for four-drive standard
      71/FA33 :                         ;	IBM-compatible 8" SD disks
      72/FA33 :                         ;
      73/FA33 :                         ;	disk parameter header for disk 00
      74/FA33 : 73 FA 00 00             DPBASE:	DEFW	TRANS,0000H
      75/FA37 : 00 00 00 00             	DEFW	0000H,0000H
      76/FA3B : FC FB 8D FA             	DEFW	DIRBF,DPBLK
      77/FA3F : F6 FE 7C FC             	DEFW	CHK00,ALL00
      78/FA43 :                         ;	disk parameter header for disk 01
      79/FA43 : 73 FA 00 00             	DEFW	TRANS,0000H
      80/FA47 : 00 00 00 00             	DEFW	0000H,0000H
      81/FA4B : FC FB 8D FA             	DEFW	DIRBF,DPBLK
      82/FA4F : 06 FF 9B FC             	DEFW	CHK01,ALL01
      83/FA53 :                         ;	disk parameter header for disk 02
      84/FA53 : 73 FA 00 00             	DEFW	TRANS,0000H
      85/FA57 : 00 00 00 00             	DEFW	0000H,0000H
      86/FA5B : FC FB 8D FA             	DEFW	DIRBF,DPBLK
      87/FA5F : 16 FF BA FC             	DEFW	CHK02,ALL02
      88/FA63 :                         ;	disk parameter header for disk 03
      89/FA63 : 73 FA 00 00             	DEFW	TRANS,0000H
      90/FA67 : 00 00 00 00             	DEFW	0000H,0000H
      91/FA6B : FC FB 8D FA             	DEFW	DIRBF,DPBLK
      92/FA6F : 26 FF D9 FC             	DEFW	CHK03,ALL03
      93/FA73 :                         ;
      94/FA73 :                         ;	sector translate vector for the IBM 8" SD disks
      95/FA73 :                         ;
      96/FA73 : 01 07 0D 13             TRANS:	DEFB	1,7,13,19	;sectors 1,2,3,4
      97/FA77 : 19 05 0B 11             	DEFB	25,5,11,17	;sectors 5,6,7,8
      98/FA7B : 17 03 09 0F             	DEFB	23,3,9,15	;sectors 9,10,11,12
 AS V1.42 Beta [Bld 271] - Source File bios_8080.asm - Page 3 - 8/4/2024 17:43:41


      99/FA7F : 15 02 08 0E             	DEFB	21,2,8,14	;sectors 13,14,15,16
     100/FA83 : 14 1A 06 0C             	DEFB	20,26,6,12	;sectors 17,18,19,20
     101/FA87 : 12 18 04 0A             	DEFB	18,24,4,10	;sectors 21,22,23,24
     102/FA8B : 10 16                   	DEFB	16,22		;sectors 25,26
     103/FA8D :                         ;
     104/FA8D :                         ;	disk parameter block, common to all IBM 8" SD disks
     105/FA8D :                         ;
     106/FA8D : 1A 00                   DPBLK:  DEFW	26		;sectors per track
     107/FA8F : 03                      	DEFB	3		;block shift factor
     108/FA90 : 07                      	DEFB	7		;block mask
     109/FA91 : 00                      	DEFB	0		;extent mask
     110/FA92 : F2 00                   	DEFW	242		;disk size-1
     111/FA94 : 3F 00                   	DEFW	63		;directory max
     112/FA96 : C0                      	DEFB	192		;alloc 0
     113/FA97 : 00                      	DEFB	0		;alloc 1
     114/FA98 : 10 00                   	DEFW	16		;check size
     115/FA9A : 02 00                   	DEFW	2		;track offset
     116/FA9C :                         ;
     117/FA9C :                         ;	fixed data tables for 4MB harddisks
     118/FA9C :                         ;
     119/FA9C :                         ;	disk parameter header
     120/FA9C : 00 00 00 00             HDB1:	DEFW	0000H,0000H
     121/FAA0 : 00 00 00 00             	DEFW	0000H,0000H
     122/FAA4 : FC FB BC FA             	DEFW	DIRBF,HDBLK
     123/FAA8 : 36 FF F8 FC             	DEFW	CHKHD1,ALLHD1
     124/FAAC : 00 00 00 00             HDB2:	DEFW	0000H,0000H
     125/FAB0 : 00 00 00 00             	DEFW	0000H,0000H
     126/FAB4 : FC FB BC FA             	DEFW	DIRBF,HDBLK
     127/FAB8 : 36 FF F7 FD             	DEFW	CHKHD2,ALLHD2
     128/FABC :                         ;
     129/FABC :                         ;       disk parameter block for harddisk
     130/FABC :                         ;
     131/FABC : 80 00                   HDBLK:  DEFW    128		;sectors per track
     132/FABE : 04                      	DEFB    4		;block shift factor
     133/FABF : 0F                      	DEFB    15		;block mask
     134/FAC0 : 00                      	DEFB    0		;extent mask
     135/FAC1 : F7 07                   	DEFW    2039		;disk size-1
     136/FAC3 : FF 03                   	DEFW    1023		;directory max
     137/FAC5 : FF                      	DEFB    255		;alloc 0
     138/FAC6 : FF                      	DEFB    255		;alloc 1
     139/FAC7 : 00 00                   	DEFW    0		;check size
     140/FAC9 : 00 00                   	DEFW    0		;track offset
     141/FACB :                         ;
     142/FACB :                         ;	messages
     143/FACB :                         ;
     144/FACB : 36 34 4B 20 43 50 2F 4D SIGNON: DB	'64K CP/M Vers. 2.2 (Z80 CBIOS V1.2 for Z80SIM, '
         FAD3 : 20 56 65 72 73 2E 20 32
         FADB : 2E 32 20 28 5A 38 30 20
         FAE3 : 43 42 49 4F 53 20 56 31
         FAEB : 2E 32 20 66 6F 72 20 5A
         FAF3 : 38 30 53 49 4D 2C 20   
     145/FAFA : 43 6F 70 79 72 69 67 68 	DB	'Copyright 1988-2007 by Udo Munk)'
         FB02 : 74 20 31 39 38 38 2D 32
         FB0A : 30 30 37 20 62 79 20 55
         FB12 : 64 6F 20 4D 75 6E 6B 29
     146/FB1A : 0D 0A 00                	DB	13,10,0
     147/FB1D :                         ;
     148/FB1D :                         
     149/FB30 :                         	ORG	BIOS+130h
     150/FB30 :                         
 AS V1.42 Beta [Bld 271] - Source File bios_8080.asm - Page 4 - 8/4/2024 17:43:41


     151/FB30 : 7E                      PRTMSG:	LD	A,(HL)
     152/FB31 : B7                      	OR	A
     153/FB32 : C8                      	RET	Z
     154/FB33 : 4F                      	LD	C,A
     155/FB34 : CD 8C FB                	CALL	CONOUT
     156/FB37 : 23                      	INC	HL
     157/FB38 : C3 30 FB                	JP	PRTMSG
     158/FB3B :                         ;
     159/FB3B :                         ;	individual subroutines to perform each function
     160/FB3B :                         ;	simplest case is to just perform parameter initialization
     161/FB3B :                         ;
     162/FB3B : F3                      BOOT:   DI
     163/FB3C : 31 80 00                	LD	SP,80H		;use space below buffer for stack
     164/FB3F : 21 CB FA                	LD	HL,SIGNON	;print message
     165/FB42 : CD 30 FB                	CALL	PRTMSG
     166/FB45 : AF                      	XOR	A		;zero in the accum
     167/FB46 : 32 03 00                	LD	(IOBYTE),A	;clear the iobyte
     168/FB49 : 32 04 00                	LD	(CDISK),A	;select disk zero
     169/FB4C : C3 55 FB                	JP	GOCPM		;initialize and go to cp/m
     170/FB4F :                         ;
     171/FB4F :                         ;	simplest case is to read the disk until all sectors loaded
     172/FB4F :                         ;
     173/FB4F : F3                      WBOOT:  DI
     174/FB50 : 31 80 00                	LD	SP,80H		;use space below buffer for stack
     175/FB53 : DB 46                   	IN	A,(GET_BDOSCCP)
     176/FB55 :                         GOCPM:
     177/FB55 : 3E C3                   	LD	A,0C3H		;c3 is a jmp instruction
     178/FB57 : 32 00 00                	LD	(0),A		;for jmp to wboot
     179/FB5A : 21 03 FA                	LD	HL,WBOOTE	;wboot entry point
     180/FB5D : 22 01 00                	LD	(1),HL		;set address field for jmp at 0
     181/FB60 :                         ;
     182/FB60 : 32 05 00                	LD	(5),A		;for jmp to bdos
     183/FB63 : 21 06 EC                	LD	HL,BDOS		;bdos entry point
     184/FB66 : 22 06 00                	LD	(6),HL		;address field of jump at 5 to bdos
     185/FB69 :                         ;
     186/FB69 : 01 80 00                	LD	BC,80H		;default dma address is 80h
     187/FB6C : CD E8 FB                	CALL	SETDMA
     188/FB6F :                         ;
     189/FB6F : 3A 04 00                	LD	A,(CDISK)	;get current disk number
     190/FB72 : 4F                      	LD	C,A		;send to the ccp
     191/FB73 : C3 00 E4                	JP	CCP		;go to cp/m for further processing
     192/FB76 :                         
     193/FB76 : DB 01                   CONST:	IN	A,(UART_C8251)	;console status(ready:FF busy:00)
     194/FB78 : E6 02                   	AND	2
     195/FB7A : CA 80 FB                	JP	Z,CONSTB
     196/FB7D : 3E FF                   	LD	A,0FFh
     197/FB7F : C9                      	RET
     198/FB80 : AF                      CONSTB:	XOR	A
     199/FB81 : C9                      	RET
     200/FB82 :                         
     201/FB82 : DB 01                   CONIN:	IN	A,(UART_C8251)	;get character from console
     202/FB84 : E6 02                   	AND	2
     203/FB86 : CA 82 FB                	JP	Z,CONIN
     204/FB89 : DB 00                   	IN	A,(UART_D8251)
     205/FB8B : C9                      	RET
     206/FB8C :                         
     207/FB8C : DB 01                   CONOUT:	IN	A,(UART_C8251)
     208/FB8E : E6 01                   	AND	1
     209/FB90 : CA 8C FB                	JP	Z,CONOUT
     210/FB93 : 79                      	LD	A,C
 AS V1.42 Beta [Bld 271] - Source File bios_8080.asm - Page 5 - 8/4/2024 17:43:41


     211/FB94 : D3 00                   	OUT	(UART_D8251),A
     212/FB96 : C9                      	RET
     213/FB97 :                         
     214/FB97 : 3E FF                   LISTST: LD	A,0ffh	;list status (ready:FF not ready:00) always ready (dummy)
     215/FB99 :                         READER: 		;reader (do nothing)
     216/FB99 :                         LIST:			;list (do nothing)
     217/FB99 :                         PUNCH:			;punch (do nothing)
     218/FB99 : C9                      	RET
     219/FB9A :                         ;
     220/FB9A :                         ;	i/o drivers for the disk follow
     221/FB9A :                         ;
     222/FB9A :                         ;	move to the track 00 position of current drive
     223/FB9A :                         ;	translate this call into a settrk call with parameter 00
     224/FB9A :                         ;
     225/FB9A : AF                      HOME:	XOR	A		;select track 0
     226/FB9B : 32 21 FB                	LD	(TRK_NO),A
     227/FB9E : C9                      	RET			;we will move to 00 on first read/write
     228/FB9F :                         ;
     229/FB9F :                         ;	select disk given by register C
     230/FB9F :                         ;
     231/FB9F : 21 00 00                SELDSK: LD	HL,0000H	;error return code
     232/FBA2 : 79                      	LD	A,C
     233/FBA3 : FE 04                   	CP	4		;FD drive 0-3?
     234/FBA5 : DA B3 FB                	JP	C,SELFD		;go
     235/FBA8 : FE 08                   	CP	8		;harddisk 1?
     236/FBAA : CA C0 FB                	JP	Z,SELHD1	;go
     237/FBAD : FE 09                   	CP	9		;harddisk 2?
     238/FBAF : CA C6 FB                	JP	Z,SELHD2	;go
     239/FBB2 : C9                      	RET			;no, error
     240/FBB3 :                         ;	disk number is in the proper range
     241/FBB3 :                         ;	compute proper disk parameter header address
     242/FBB3 :                         SELFD:
     243/FBB3 : 32 20 FB                	LD	(DRV_NO),A	;selekt disk drive
     244/FBB6 : 6F                      	LD	L,A		;L=disk number 0,1,2,3
     245/FBB7 : 29                      	ADD	HL,HL		;*2
     246/FBB8 : 29                      	ADD	HL,HL		;*4
     247/FBB9 : 29                      	ADD	HL,HL		;*8
     248/FBBA : 29                      	ADD	HL,HL		;*16 (size of each header)
     249/FBBB : 11 33 FA                	LD	DE,DPBASE
     250/FBBE : 19                      	ADD	HL,DE		;HL=.dpbase(diskno*16)
     251/FBBF : C9                      	RET
     252/FBC0 : 21 9C FA                SELHD1:	LD	HL,HDB1		;dph harddisk 1
     253/FBC3 : C3 C9 FB                	JP	SELHD
     254/FBC6 : 21 AC FA                SELHD2:	LD	HL,HDB2		;dph harddisk 2
     255/FBC9 :                         SELHD:
     256/FBC9 : 32 20 FB                	LD	(DRV_NO),A	;select harddisk drive
     257/FBCC : C9                      	RET
     258/FBCD :                         ;
     259/FBCD :                         ;	set track given by register c
     260/FBCD :                         ;
     261/FBCD : 79                      SETTRK: LD	A,C
     262/FBCE : 32 21 FB                	LD	(TRK_NO),A
     263/FBD1 : C9                      	RET
     264/FBD2 :                         ;
     265/FBD2 :                         ;	set sector given by register c
     266/FBD2 :                         ;
     267/FBD2 : 79                      SETSEC: LD	A,C
     268/FBD3 : 32 22 FB                	LD	(SEC_NO),A
     269/FBD6 : C9                      	RET
     270/FBD7 :                         ;
 AS V1.42 Beta [Bld 271] - Source File bios_8080.asm - Page 6 - 8/4/2024 17:43:41


     271/FBD7 :                         ;	translate the sector given by BC using the
     272/FBD7 :                         ;	translate table given by DE
     273/FBD7 :                         ;
     274/FBD7 :                         SECTRAN:
     275/FBD7 : 7A                      	LD	A,D		;do we have a translation table?
     276/FBD8 : B3                      	OR	E
     277/FBD9 : C2 E2 FB                	JP	NZ,SECT1	;yes, translate
     278/FBDC : 69                      	LD	L,C		;no, return untranslated
     279/FBDD : 60                      	LD	H,B		;in HL
     280/FBDE : 2C                      	INC	L		;sector no. start with 1
     281/FBDF : C0                      	RET	NZ
     282/FBE0 : 24                      	INC	H
     283/FBE1 : C9                      	RET
     284/FBE2 : EB                      SECT1:	EX	DE,HL		;HL=.trans
     285/FBE3 : 09                      	ADD	HL,BC		;HL=.trans(sector)
     286/FBE4 : 6E                      	LD	L,(HL)		;L = trans(sector)
     287/FBE5 : 26 00                   	LD	H,0		;HL= trans(sector)
     288/FBE7 : C9                      	RET			;with value in HL
     289/FBE8 :                         ;
     290/FBE8 :                         ;	set dma address given by registers b and c
     291/FBE8 :                         ;
     292/FBE8 : 79                      SETDMA: LD	A,C		;low order address
     293/FBE9 : 32 23 FB                	LD	(DMA_L),A
     294/FBEC : 78                      	LD	A,B		;high order address
     295/FBED : 32 24 FB                	LD	(DMA_H),A
     296/FBF0 : C9                      	RET
     297/FBF1 :                         ;
     298/FBF1 :                         ;	perform read operation
     299/FBF1 :                         ;
     300/FBF1 : DB 52                   READ:	IN	A,(DISK_READ)
     301/FBF3 : DB 4E                   	IN	A,(FDCST)	;status of i/o operation -> A
     302/FBF5 : B7                      	OR	A
     303/FBF6 : C9                      	RET
     304/FBF7 :                         ;
     305/FBF7 :                         ;	perform a write operation
     306/FBF7 :                         ;
     307/FBF7 : DB 53                   WRITE:	IN	A,(DISK_WRITE)
     308/FBF9 : DB 4E                   	IN	A,(FDCST)	;status of i/o operation -> A
     309/FBFB : C9                      	RET
     310/FBFC :                         
     311/FBFC :                         ;	the remainder of the CBIOS is reserved uninitialized
     312/FBFC :                         ;	data area, and does not need to be a part of the
     313/FBFC :                         ;	system memory image (the space must be available,
     314/FBFC :                         ;	however, between "begdat" and "enddat").
     315/FBFC :                         ;
     316/FBFC :                         ;	scratch ram area for BDOS use
     317/FBFC :                         ;
     318/FBFC : =0FBFCH                 BEGDAT	EQU	$		;beginning of data area
     319/FBFC : 00 00 00 00 00 00 00 00 DIRBF:	DB	128	dup(0)	;scratch directory area
         FC04 : 00 00 00 00 00 00 00 00
         FC0C : 00 00 00 00 00 00 00 00
         FC14 : 00 00 00 00 00 00 00 00
         FC1C : 00 00 00 00 00 00 00 00
         FC24 : 00 00 00 00 00 00 00 00
         FC2C : 00 00 00 00 00 00 00 00
         FC34 : 00 00 00 00 00 00 00 00
         FC3C : 00 00 00 00 00 00 00 00
         FC44 : 00 00 00 00 00 00 00 00
         FC4C : 00 00 00 00 00 00 00 00
         FC54 : 00 00 00 00 00 00 00 00
 AS V1.42 Beta [Bld 271] - Source File bios_8080.asm - Page 7 - 8/4/2024 17:43:41


         FC5C : 00 00 00 00 00 00 00 00
         FC64 : 00 00 00 00 00 00 00 00
         FC6C : 00 00 00 00 00 00 00 00
         FC74 : 00 00 00 00 00 00 00 00
     320/FC7C : 00 00 00 00 00 00 00 00 ALL00:	DB	31	dup(0)	;allocation vector 0
         FC84 : 00 00 00 00 00 00 00 00
         FC8C : 00 00 00 00 00 00 00 00
         FC94 : 00 00 00 00 00 00 00   
     321/FC9B : 00 00 00 00 00 00 00 00 ALL01:	DB	31	dup(0)	;allocation vector 1
         FCA3 : 00 00 00 00 00 00 00 00
         FCAB : 00 00 00 00 00 00 00 00
         FCB3 : 00 00 00 00 00 00 00   
     322/FCBA : 00 00 00 00 00 00 00 00 ALL02:	DB	31	dup(0)	;allocation vector 2
         FCC2 : 00 00 00 00 00 00 00 00
         FCCA : 00 00 00 00 00 00 00 00
         FCD2 : 00 00 00 00 00 00 00   
     323/FCD9 : 00 00 00 00 00 00 00 00 ALL03:	DB	31	dup(0)	;allocation vector 3
         FCE1 : 00 00 00 00 00 00 00 00
         FCE9 : 00 00 00 00 00 00 00 00
         FCF1 : 00 00 00 00 00 00 00   
     324/FCF8 : 00 00 00 00 00 00 00 00 ALLHD1:	DB	255	dup(0)	;allocation vector harddisk 1
         FD00 : 00 00 00 00 00 00 00 00
         FD08 : 00 00 00 00 00 00 00 00
         FD10 : 00 00 00 00 00 00 00 00
         FD18 : 00 00 00 00 00 00 00 00
         FD20 : 00 00 00 00 00 00 00 00
         FD28 : 00 00 00 00 00 00 00 00
         FD30 : 00 00 00 00 00 00 00 00
         FD38 : 00 00 00 00 00 00 00 00
         FD40 : 00 00 00 00 00 00 00 00
         FD48 : 00 00 00 00 00 00 00 00
         FD50 : 00 00 00 00 00 00 00 00
         FD58 : 00 00 00 00 00 00 00 00
         FD60 : 00 00 00 00 00 00 00 00
         FD68 : 00 00 00 00 00 00 00 00
         FD70 : 00 00 00 00 00 00 00 00
         FD78 : 00 00 00 00 00 00 00 00
         FD80 : 00 00 00 00 00 00 00 00
         FD88 : 00 00 00 00 00 00 00 00
         FD90 : 00 00 00 00 00 00 00 00
         FD98 : 00 00 00 00 00 00 00 00
         FDA0 : 00 00 00 00 00 00 00 00
         FDA8 : 00 00 00 00 00 00 00 00
         FDB0 : 00 00 00 00 00 00 00 00
         FDB8 : 00 00 00 00 00 00 00 00
         FDC0 : 00 00 00 00 00 00 00 00
         FDC8 : 00 00 00 00 00 00 00 00
         FDD0 : 00 00 00 00 00 00 00 00
         FDD8 : 00 00 00 00 00 00 00 00
         FDE0 : 00 00 00 00 00 00 00 00
         FDE8 : 00 00 00 00 00 00 00 00
         FDF0 : 00 00 00 00 00 00 00   
     325/FDF7 : 00 00 00 00 00 00 00 00 ALLHD2:	DB	255	dup(0)	;allocation vector harddisk 2
         FDFF : 00 00 00 00 00 00 00 00
         FE07 : 00 00 00 00 00 00 00 00
         FE0F : 00 00 00 00 00 00 00 00
         FE17 : 00 00 00 00 00 00 00 00
         FE1F : 00 00 00 00 00 00 00 00
         FE27 : 00 00 00 00 00 00 00 00
         FE2F : 00 00 00 00 00 00 00 00
 AS V1.42 Beta [Bld 271] - Source File bios_8080.asm - Page 8 - 8/4/2024 17:43:41


         FE37 : 00 00 00 00 00 00 00 00
         FE3F : 00 00 00 00 00 00 00 00
         FE47 : 00 00 00 00 00 00 00 00
         FE4F : 00 00 00 00 00 00 00 00
         FE57 : 00 00 00 00 00 00 00 00
         FE5F : 00 00 00 00 00 00 00 00
         FE67 : 00 00 00 00 00 00 00 00
         FE6F : 00 00 00 00 00 00 00 00
         FE77 : 00 00 00 00 00 00 00 00
         FE7F : 00 00 00 00 00 00 00 00
         FE87 : 00 00 00 00 00 00 00 00
         FE8F : 00 00 00 00 00 00 00 00
         FE97 : 00 00 00 00 00 00 00 00
         FE9F : 00 00 00 00 00 00 00 00
         FEA7 : 00 00 00 00 00 00 00 00
         FEAF : 00 00 00 00 00 00 00 00
         FEB7 : 00 00 00 00 00 00 00 00
         FEBF : 00 00 00 00 00 00 00 00
         FEC7 : 00 00 00 00 00 00 00 00
         FECF : 00 00 00 00 00 00 00 00
         FED7 : 00 00 00 00 00 00 00 00
         FEDF : 00 00 00 00 00 00 00 00
         FEE7 : 00 00 00 00 00 00 00 00
         FEEF : 00 00 00 00 00 00 00   
     326/FEF6 : 00 00 00 00 00 00 00 00 CHK00:	DB	16	dup(0)	;check vector 0
         FEFE : 00 00 00 00 00 00 00 00
     327/FF06 : 00 00 00 00 00 00 00 00 CHK01:	DB	16	dup(0)	;check vector 1
         FF0E : 00 00 00 00 00 00 00 00
     328/FF16 : 00 00 00 00 00 00 00 00 CHK02:	DB	16	dup(0)	;check vector 2
         FF1E : 00 00 00 00 00 00 00 00
     329/FF26 : 00 00 00 00 00 00 00 00 CHK03:	DB	16	dup(0)	;check vector 3
         FF2E : 00 00 00 00 00 00 00 00
     330/FF36 :                         CHKHD1:	DB	0	dup(0)	;check vector harddisk 1
     331/FF36 :                         CHKHD2:	DB	0	dup(0)	;check vector harddisk 2
     332/FF36 :                         
     333/FF36 :                         	END			;of BIOS
 AS V1.42 Beta [Bld 271] - Source File bios_8080.asm - Page 9 - 8/4/2024 17:43:41


  Symbol Table (* = unused):
  --------------------------

 ALL00 :                      0FC7C C |  ALL01 :                      0FC9B C |
 ALL02 :                      0FCBA C |  ALL03 :                      0FCD9 C |
 ALLHD1 :                     0FCF8 C |  ALLHD2 :                     0FDF7 C |
*ARCHITECTURE :                                        "i386-unknown-win32" - |
 BDOS :                       0EC06 - | *BEGDAT :                     0FBFC - |
 BIAS :                       0B000 - |  BIOS :                       0FA00 - |
 BOOT :                       0FB3B C | *CASESENSITIVE :                  0 - |
 CCP :                        0E400 - |  CDISK :                          4 - |
 CHK00 :                      0FEF6 C |  CHK01 :                      0FF06 C |
 CHK02 :                      0FF16 C |  CHK03 :                      0FF26 C |
 CHKHD1 :                     0FF36 C |  CHKHD2 :                     0FF36 C |
 CONIN :                      0FB82 C |  CONOUT :                     0FB8C C |
 CONST :                      0FB76 C |  CONSTB :                     0FB80 C |
*CONSTPI :        3.141592653589793 - | *DATE :                  "8/4/2024" - |
 DIRBF :                      0FBFC C |  DISK_READ :                     52 - |
 DISK_WRITE :                    53 - |  DMA_H :                      0FB24 - |
 DMA_L :                      0FB23 - |  DPBASE :                     0FA33 C |
 DPBLK :                      0FA8D C |  DRV_NO :                     0FB20 - |
*D_ERROR :                        1 - | *D_SUCCESS :                      0 - |
*FALSE :                          0 - |  FDCST :                         4E - |
 GET_BDOSCCP :                   46 - | *GET_BIOS :                      47 - |
 GOCPM :                      0FB55 C | *HAS64 :                          0 - |
 HDB1 :                       0FA9C C |  HDB2 :                       0FAAC C |
 HDBLK :                      0FABC C |  HOME :                       0FB9A C |
 IOBYTE :                         3 - |  LIST :                       0FB99 C |
*LISTON :                         1 - |  LISTST :                     0FB97 C |
*MACEXP :                         7 - | *MOMCPU :                        80 - |
*MOMCPUNAME :                 "Z80" - |  MSIZE :                         40 - |
*NESTMAX :                      100 - | *NSECTS :                        2C - |
 PIC_IOBASE :                    40 - |  PRTMSG :                     0FB30 C |
 PUNCH :                      0FB99 C |  READ :                       0FBF1 C |
 READER :                     0FB99 C | *RELAXED :                        0 - |
 SECT1 :                      0FBE2 C |  SECTRAN :                    0FBD7 C |
 SEC_NO :                     0FB22 - |  SELDSK :                     0FB9F C |
 SELFD :                      0FBB3 C |  SELHD :                      0FBC9 C |
 SELHD1 :                     0FBC0 C |  SELHD2 :                     0FBC6 C |
 SETDMA :                     0FBE8 C |  SETSEC :                     0FBD2 C |
 SETTRK :                     0FBCD C |  SIGNON :                     0FACB C |
*TIME :                  "17:43:41" - |  TRANS :                      0FA73 C |
 TRK_NO :                     0FB21 - | *TRUE :                           1 - |
 UART_C8251 :                     1 - |  UART_D8251 :                     0 - |
*VERSION :                     142F - | *WARNRELATIVE :                   0 - |
 WBOOT :                      0FB4F C |  WBOOTE :                     0FA03 C |
 WRITE :                      0FBF7 C |

     86 symbols
     21 unused symbols

 AS V1.42 Beta [Bld 271] - Source File bios_8080.asm - Page 10 - 8/4/2024 17:43:41


  Code Pages:
  ----------

STANDARD (0 changed characters)

1 code page

0.03 seconds assembly time

    356 lines source file
      2 passes
      0 errors
      0 warnings
